Archive member included to satisfy reference by file (symbol)

/home/bdroy/Embedded/ch32v-base/MounRiver_Studio_Community_Linux_x64_V170/MRS_Community/toolchain/RISC-V Embedded GCC 12/bin/../lib/gcc/riscv-none-elf/12.2.0/../../../../riscv-none-elf/lib/rv32imac_xw/ilp32/libc_nano.a(lib_a-memcmp.o)
                              CMakeFiles/CH32V305_DAP.elf.dir/CherryDAP/dap_main.c.obj (memcmp)
/home/bdroy/Embedded/ch32v-base/MounRiver_Studio_Community_Linux_x64_V170/MRS_Community/toolchain/RISC-V Embedded GCC 12/bin/../lib/gcc/riscv-none-elf/12.2.0/../../../../riscv-none-elf/lib/rv32imac_xw/ilp32/libc_nano.a(lib_a-memcpy-asm.o)
                              CMakeFiles/CH32V305_DAP.elf.dir/CherryDAP/DAP/Source/DAP.c.obj (memcpy)
/home/bdroy/Embedded/ch32v-base/MounRiver_Studio_Community_Linux_x64_V170/MRS_Community/toolchain/RISC-V Embedded GCC 12/bin/../lib/gcc/riscv-none-elf/12.2.0/../../../../riscv-none-elf/lib/rv32imac_xw/ilp32/libc_nano.a(lib_a-memset.o)
                              CMakeFiles/CH32V305_DAP.elf.dir/CherryUSB/core/usbd_core.c.obj (memset)
/home/bdroy/Embedded/ch32v-base/MounRiver_Studio_Community_Linux_x64_V170/MRS_Community/toolchain/RISC-V Embedded GCC 12/bin/../lib/gcc/riscv-none-elf/12.2.0/../../../../riscv-none-elf/lib/rv32imac_xw/ilp32/libc_nano.a(lib_a-sprintf.o)
                              CMakeFiles/CH32V305_DAP.elf.dir/CherryDAP/DAP/Source/DAP.c.obj (sprintf)
/home/bdroy/Embedded/ch32v-base/MounRiver_Studio_Community_Linux_x64_V170/MRS_Community/toolchain/RISC-V Embedded GCC 12/bin/../lib/gcc/riscv-none-elf/12.2.0/../../../../riscv-none-elf/lib/rv32imac_xw/ilp32/libc_nano.a(lib_a-impure.o)
                              /home/bdroy/Embedded/ch32v-base/MounRiver_Studio_Community_Linux_x64_V170/MRS_Community/toolchain/RISC-V Embedded GCC 12/bin/../lib/gcc/riscv-none-elf/12.2.0/../../../../riscv-none-elf/lib/rv32imac_xw/ilp32/libc_nano.a(lib_a-sprintf.o) (_impure_ptr)
/home/bdroy/Embedded/ch32v-base/MounRiver_Studio_Community_Linux_x64_V170/MRS_Community/toolchain/RISC-V Embedded GCC 12/bin/../lib/gcc/riscv-none-elf/12.2.0/../../../../riscv-none-elf/lib/rv32imac_xw/ilp32/libc_nano.a(lib_a-nano-svfprintf.o)
                              /home/bdroy/Embedded/ch32v-base/MounRiver_Studio_Community_Linux_x64_V170/MRS_Community/toolchain/RISC-V Embedded GCC 12/bin/../lib/gcc/riscv-none-elf/12.2.0/../../../../riscv-none-elf/lib/rv32imac_xw/ilp32/libc_nano.a(lib_a-sprintf.o) (_svfprintf_r)
/home/bdroy/Embedded/ch32v-base/MounRiver_Studio_Community_Linux_x64_V170/MRS_Community/toolchain/RISC-V Embedded GCC 12/bin/../lib/gcc/riscv-none-elf/12.2.0/../../../../riscv-none-elf/lib/rv32imac_xw/ilp32/libc_nano.a(lib_a-nano-vfprintf_i.o)
                              /home/bdroy/Embedded/ch32v-base/MounRiver_Studio_Community_Linux_x64_V170/MRS_Community/toolchain/RISC-V Embedded GCC 12/bin/../lib/gcc/riscv-none-elf/12.2.0/../../../../riscv-none-elf/lib/rv32imac_xw/ilp32/libc_nano.a(lib_a-nano-svfprintf.o) (_printf_i)
/home/bdroy/Embedded/ch32v-base/MounRiver_Studio_Community_Linux_x64_V170/MRS_Community/toolchain/RISC-V Embedded GCC 12/bin/../lib/gcc/riscv-none-elf/12.2.0/../../../../riscv-none-elf/lib/rv32imac_xw/ilp32/libc_nano.a(lib_a-memchr.o)
                              /home/bdroy/Embedded/ch32v-base/MounRiver_Studio_Community_Linux_x64_V170/MRS_Community/toolchain/RISC-V Embedded GCC 12/bin/../lib/gcc/riscv-none-elf/12.2.0/../../../../riscv-none-elf/lib/rv32imac_xw/ilp32/libc_nano.a(lib_a-nano-svfprintf.o) (memchr)
/home/bdroy/Embedded/ch32v-base/MounRiver_Studio_Community_Linux_x64_V170/MRS_Community/toolchain/RISC-V Embedded GCC 12/bin/../lib/gcc/riscv-none-elf/12.2.0/../../../../riscv-none-elf/lib/rv32imac_xw/ilp32/libc_nano.a(lib_a-memmove.o)
                              /home/bdroy/Embedded/ch32v-base/MounRiver_Studio_Community_Linux_x64_V170/MRS_Community/toolchain/RISC-V Embedded GCC 12/bin/../lib/gcc/riscv-none-elf/12.2.0/../../../../riscv-none-elf/lib/rv32imac_xw/ilp32/libc_nano.a(lib_a-nano-svfprintf.o) (memmove)
/home/bdroy/Embedded/ch32v-base/MounRiver_Studio_Community_Linux_x64_V170/MRS_Community/toolchain/RISC-V Embedded GCC 12/bin/../lib/gcc/riscv-none-elf/12.2.0/../../../../riscv-none-elf/lib/rv32imac_xw/ilp32/libc_nano.a(lib_a-nano-freer.o)
                              /home/bdroy/Embedded/ch32v-base/MounRiver_Studio_Community_Linux_x64_V170/MRS_Community/toolchain/RISC-V Embedded GCC 12/bin/../lib/gcc/riscv-none-elf/12.2.0/../../../../riscv-none-elf/lib/rv32imac_xw/ilp32/libc_nano.a(lib_a-nano-svfprintf.o) (_free_r)
/home/bdroy/Embedded/ch32v-base/MounRiver_Studio_Community_Linux_x64_V170/MRS_Community/toolchain/RISC-V Embedded GCC 12/bin/../lib/gcc/riscv-none-elf/12.2.0/../../../../riscv-none-elf/lib/rv32imac_xw/ilp32/libc_nano.a(lib_a-nano-mallocr.o)
[...]
Memory Configuration

Name             Origin             Length             Attributes
FLASH            0x0000000000000000 0x0000000000020000 xr
RAM              0x0000000020000000 0x0000000000008000 xrw
*default*        0x0000000000000000 0xffffffffffffffff

Linker script and memory map

LOAD /home/bdroy/Embedded/ch32v-base/MounRiver_Studio_Community_Linux_x64_V170/MRS_Community/toolchain/RISC-V Embedded GCC 12/bin/../lib/gcc/riscv-none-elf/12.2.0/../../../../riscv-none-elf/lib/rv32imac_xw/ilp32/libm_nano.a
LOAD CMakeFiles/CH32V305_DAP.elf.dir/CherryDAP/DAP/Source/DAP.c.obj
LOAD CMakeFiles/CH32V305_DAP.elf.dir/CherryDAP/DAP/Source/DAP_vendor.c.obj
LOAD CMakeFiles/CH32V305_DAP.elf.dir/CherryDAP/DAP/Source/JTAG_DP.c.obj
LOAD CMakeFiles/CH32V305_DAP.elf.dir/CherryDAP/DAP/Source/SWO.c.obj
LOAD CMakeFiles/CH32V305_DAP.elf.dir/CherryDAP/DAP/Source/SW_DP.c.obj
LOAD CMakeFiles/CH32V305_DAP.elf.dir/CherryDAP/DAP/Source/UART.c.obj
LOAD CMakeFiles/CH32V305_DAP.elf.dir/CherryDAP/dap_main.c.obj
LOAD CMakeFiles/CH32V305_DAP.elf.dir/CherryRB/chry_ringbuffer.c.obj
LOAD CMakeFiles/CH32V305_DAP.elf.dir/CherryUSB/class/cdc/usbd_cdc.c.obj
LOAD CMakeFiles/CH32V305_DAP.elf.dir/CherryUSB/core/usbd_core.c.obj
LOAD CMakeFiles/CH32V305_DAP.elf.dir/CherryUSB/port/ch32/usb_dc_usbhs.c.obj
LOAD CMakeFiles/CH32V305_DAP.elf.dir/Core/core_riscv.c.obj
LOAD CMakeFiles/CH32V305_DAP.elf.dir/DAPHost/swd_host.c.obj
LOAD CMakeFiles/CH32V305_DAP.elf.dir/Debug/debug.c.obj
LOAD CMakeFiles/CH32V305_DAP.elf.dir/Peripheral/src/ch32v30x_adc.c.obj
LOAD CMakeFiles/CH32V305_DAP.elf.dir/Peripheral/src/ch32v30x_bkp.c.obj
LOAD CMakeFiles/CH32V305_DAP.elf.dir/Peripheral/src/ch32v30x_can.c.obj
LOAD CMakeFiles/CH32V305_DAP.elf.dir/Peripheral/src/ch32v30x_crc.c.obj
LOAD CMakeFiles/CH32V305_DAP.elf.dir/Peripheral/src/ch32v30x_dac.c.obj
LOAD CMakeFiles/CH32V305_DAP.elf.dir/Peripheral/src/ch32v30x_dbgmcu.c.obj
LOAD CMakeFiles/CH32V305_DAP.elf.dir/Peripheral/src/ch32v30x_dma.c.obj
LOAD CMakeFiles/CH32V305_DAP.elf.dir/Peripheral/src/ch32v30x_dvp.c.obj
LOAD CMakeFiles/CH32V305_DAP.elf.dir/Peripheral/src/ch32v30x_eth.c.obj
LOAD CMakeFiles/CH32V305_DAP.elf.dir/Peripheral/src/ch32v30x_exti.c.obj
LOAD CMakeFiles/CH32V305_DAP.elf.dir/Peripheral/src/ch32v30x_flash.c.obj
LOAD CMakeFiles/CH32V305_DAP.elf.dir/Peripheral/src/ch32v30x_fsmc.c.obj
LOAD CMakeFiles/CH32V305_DAP.elf.dir/Peripheral/src/ch32v30x_gpio.c.obj
LOAD CMakeFiles/CH32V305_DAP.elf.dir/Peripheral/src/ch32v30x_i2c.c.obj
LOAD CMakeFiles/CH32V305_DAP.elf.dir/Peripheral/src/ch32v30x_iwdg.c.obj
LOAD CMakeFiles/CH32V305_DAP.elf.dir/Peripheral/src/ch32v30x_misc.c.obj
LOAD CMakeFiles/CH32V305_DAP.elf.dir/Peripheral/src/ch32v30x_opa.c.obj
LOAD CMakeFiles/CH32V305_DAP.elf.dir/Peripheral/src/ch32v30x_pwr.c.obj
LOAD CMakeFiles/CH32V305_DAP.elf.dir/Peripheral/src/ch32v30x_rcc.c.obj
LOAD CMakeFiles/CH32V305_DAP.elf.dir/Peripheral/src/ch32v30x_rng.c.obj
LOAD CMakeFiles/CH32V305_DAP.elf.dir/Peripheral/src/ch32v30x_rtc.c.obj
LOAD CMakeFiles/CH32V305_DAP.elf.dir/Peripheral/src/ch32v30x_sdio.c.obj
LOAD CMakeFiles/CH32V305_DAP.elf.dir/Peripheral/src/ch32v30x_spi.c.obj
LOAD CMakeFiles/CH32V305_DAP.elf.dir/Peripheral/src/ch32v30x_tim.c.obj
LOAD CMakeFiles/CH32V305_DAP.elf.dir/Peripheral/src/ch32v30x_usart.c.obj
LOAD CMakeFiles/CH32V305_DAP.elf.dir/Peripheral/src/ch32v30x_wwdg.c.obj
LOAD CMakeFiles/CH32V305_DAP.elf.dir/Startup/startup_ch32v30x_D8C.S.obj
LOAD CMakeFiles/CH32V305_DAP.elf.dir/User/ch32v30x_it.c.obj
LOAD CMakeFiles/CH32V305_DAP.elf.dir/User/main.c.obj
LOAD CMakeFiles/CH32V305_DAP.elf.dir/User/system_ch32v30x.c.obj
LOAD CMakeFiles/CH32V305_DAP.elf.dir/User/usb2uart.c.obj
LOAD /home/bdroy/Embedded/ch32v-base/MounRiver_Studio_Community_Linux_x64_V170/MRS_Community/toolchain/RISC-V Embedded GCC 12/bin/../lib/gcc/riscv-none-elf/12.2.0/rv32imac_xw/ilp32/libgcc.a
LOAD /home/bdroy/Embedded/ch32v-base/MounRiver_Studio_Community_Linux_x64_V170/MRS_Community/toolchain/RISC-V Embedded GCC 12/bin/../lib/gcc/riscv-none-elf/12.2.0/../../../../riscv-none-elf/lib/rv32imac_xw/ilp32/libc_nano.a
LOAD /home/bdroy/Embedded/ch32v-base/MounRiver_Studio_Community_Linux_x64_V170/MRS_Community/toolchain/RISC-V Embedded GCC 12/bin/../lib/gcc/riscv-none-elf/12.2.0/rv32imac_xw/ilp32/libgcc.a
START GROUP
LOAD /home/bdroy/Embedded/ch32v-base/MounRiver_Studio_Community_Linux_x64_V170/MRS_Community/toolchain/RISC-V Embedded GCC 12/bin/../lib/gcc/riscv-none-elf/12.2.0/rv32imac_xw/ilp32/libgcc.a
LOAD /home/bdroy/Embedded/ch32v-base/MounRiver_Studio_Community_Linux_x64_V170/MRS_Community/toolchain/RISC-V Embedded GCC 12/bin/../lib/gcc/riscv-none-elf/12.2.0/../../../../riscv-none-elf/lib/rv32imac_xw/ilp32/libc_nano.a
LOAD /home/bdroy/Embedded/ch32v-base/MounRiver_Studio_Community_Linux_x64_V170/MRS_Community/toolchain/RISC-V Embedded GCC 12/bin/../lib/gcc/riscv-none-elf/12.2.0/../../../../riscv-none-elf/lib/rv32imac_xw/ilp32/libnosys.a
END GROUP
START GROUP
LOAD /home/bdroy/Embedded/ch32v-base/MounRiver_Studio_Community_Linux_x64_V170/MRS_Community/toolchain/RISC-V Embedded GCC 12/bin/../lib/gcc/riscv-none-elf/12.2.0/rv32imac_xw/ilp32/libgcc.a
LOAD /home/bdroy/Embedded/ch32v-base/MounRiver_Studio_Community_Linux_x64_V170/MRS_Community/toolchain/RISC-V Embedded GCC 12/bin/../lib/gcc/riscv-none-elf/12.2.0/../../../../riscv-none-elf/lib/rv32imac_xw/ilp32/libc_nano.a
LOAD /home/bdroy/Embedded/ch32v-base/MounRiver_Studio_Community_Linux_x64_V170/MRS_Community/toolchain/RISC-V Embedded GCC 12/bin/../lib/gcc/riscv-none-elf/12.2.0/../../../../riscv-none-elf/lib/rv32imac_xw/ilp32/libnosys.a
END GROUP
                0x0000000000000800                __stack_size = 0x800
                [!provide]                        PROVIDE (_stack_size = __stack_size)

.init           0x0000000000000000       0x38
                0x0000000000000000                _sinit = .
                0x0000000000000000                . = ALIGN (0x4)
 *(SORT_NONE(.init))
 .init          0x0000000000000000       0x38 CMakeFiles/CH32V305_DAP.elf.dir/Startup/startup_ch32v30x_D8C.S.obj
                0x0000000000000000                _start
                0x0000000000000038                . = ALIGN (0x4)
                0x0000000000000038                _einit = .

.vector         0x0000000000000038      0x1c8
 *(.vector)
 .vector        0x0000000000000038      0x1a0 CMakeFiles/CH32V305_DAP.elf.dir/Startup/startup_ch32v30x_D8C.S.obj
                0x0000000000000200                . = ALIGN (0x40)
 *fill*         0x00000000000001d8       0x28 

.text           0x0000000000000200     0xdbd0
                0x0000000000000200                . = ALIGN (0x4)
 *(.text)
 .text          0x0000000000000200       0x16 /home/bdroy/Embedded/ch32v-base/MounRiver_Studio_Community_Linux_x64_V170/MRS_Community/toolchain/RISC-V Embedded GCC 12/bin/../lib/gcc/riscv-none-elf/12.2.0/../../../../riscv-none-elf/lib/rv32imac_xw/ilp32/libc_nano.a(lib_a-memcpy-asm.o)
                0x0000000000000200                memcpy
 .text          0x0000000000000216       0x10 /home/bdroy/Embedded/ch32v-base/MounRiver_Studio_Community_Linux_x64_V170/MRS_Community/toolchain/RISC-V Embedded GCC 12/bin/../lib/gcc/riscv-none-elf/12.2.0/../../../../riscv-none-elf/lib/rv32imac_xw/ilp32/libc_nano.a(lib_a-memset.o)
                0x0000000000000216                memset
 .text          0x0000000000000226       0x26 /home/bdroy/Embedded/ch32v-base/MounRiver_Studio_Community_Linux_x64_V170/MRS_Community/toolchain/RISC-V Embedded GCC 12/bin/../lib/gcc/riscv-none-elf/12.2.0/../../../../riscv-none-elf/lib/rv32imac_xw/ilp32/libc_nano.a(lib_a-memmove.o)
                0x0000000000000226                memmove
 *(.text.*)
 .text.DAP_GetVendorString
                0x000000000000024c       0x14 CMakeFiles/CH32V305_DAP.elf.dir/CherryDAP/DAP/Source/DAP.c.obj
 .text.DAP_GetProductString
                0x0000000000000260       0x14 CMakeFiles/CH32V305_DAP.elf.dir/CherryDAP/DAP/Source/DAP.c.obj
 .text.DAP_GetSerNumString
                0x0000000000000274       0xd8 CMakeFiles/CH32V305_DAP.elf.dir/CherryDAP/DAP/Source/DAP.c.obj
 .text.DAP_GetTargetDeviceVendorString
                0x000000000000034c       0x14 CMakeFiles/CH32V305_DAP.elf.dir/CherryDAP/DAP/Source/DAP.c.obj
 .text.DAP_GetTargetDeviceNameString
                0x0000000000000360       0x14 CMakeFiles/CH32V305_DAP.elf.dir/CherryDAP/DAP/Source/DAP.c.obj
 .text.DAP_GetTargetBoardVendorString
                0x0000000000000374       0x14 CMakeFiles/CH32V305_DAP.elf.dir/CherryDAP/DAP/Source/DAP.c.obj
 .text.DAP_GetTargetBoardNameString
                0x0000000000000388       0x14 CMakeFiles/CH32V305_DAP.elf.dir/CherryDAP/DAP/Source/DAP.c.obj
 .text.DAP_GetProductFirmwareVersionString
                0x000000000000039c       0x14 CMakeFiles/CH32V305_DAP.elf.dir/CherryDAP/DAP/Source/DAP.c.obj
 .text.PORT_JTAG_SETUP
                0x00000000000003b0       0xec CMakeFiles/CH32V305_DAP.elf.dir/CherryDAP/DAP/Source/DAP.c.obj
 .text.PORT_SWD_SETUP
                0x000000000000049c       0x8e CMakeFiles/CH32V305_DAP.elf.dir/CherryDAP/DAP/Source/DAP.c.obj
 .text.PORT_OFF
                0x000000000000052a       0x88 CMakeFiles/CH32V305_DAP.elf.dir/CherryDAP/DAP/Source/DAP.c.obj
 .text.LED_CONNECTED_OUT
                0x00000000000005b2       0x38 CMakeFiles/CH32V305_DAP.elf.dir/CherryDAP/DAP/Source/DAP.c.obj
 .text.LED_RUNNING_OUT
                0x00000000000005ea       0x12 CMakeFiles/CH32V305_DAP.elf.dir/CherryDAP/DAP/Source/DAP.c.obj
 .text.TIMESTAMP_GET
                0x00000000000005fc       0x10 CMakeFiles/CH32V305_DAP.elf.dir/CherryDAP/DAP/Source/DAP.c.obj
 .text.DAP_SETUP
                0x000000000000060c       0x5a CMakeFiles/CH32V305_DAP.elf.dir/CherryDAP/DAP/Source/DAP.c.obj
 .text.RESET_TARGET
                0x0000000000000666       0x10 CMakeFiles/CH32V305_DAP.elf.dir/CherryDAP/DAP/Source/DAP.c.obj
 .text.Set_Clock_Delay
                0x0000000000000676       0x9e CMakeFiles/CH32V305_DAP.elf.dir/CherryDAP/DAP/Source/DAP.c.obj
 .text.DAP_Info
                0x0000000000000714      0x144 CMakeFiles/CH32V305_DAP.elf.dir/CherryDAP/DAP/Source/DAP.c.obj
 .text.DAP_Delay
                0x0000000000000858       0x72 CMakeFiles/CH32V305_DAP.elf.dir/CherryDAP/DAP/Source/DAP.c.obj
 .text.DAP_HostStatus
                0x00000000000008ca       0x68 CMakeFiles/CH32V305_DAP.elf.dir/CherryDAP/DAP/Source/DAP.c.obj
 .text.DAP_Connect
                0x0000000000000932       0x82 CMakeFiles/CH32V305_DAP.elf.dir/CherryDAP/DAP/Source/DAP.c.obj
 .text.DAP_Disconnect
                0x00000000000009b4       0x2e CMakeFiles/CH32V305_DAP.elf.dir/CherryDAP/DAP/Source/DAP.c.obj
 .text.DAP_ResetTarget
                0x00000000000009e2       0x32 CMakeFiles/CH32V305_DAP.elf.dir/CherryDAP/DAP/Source/DAP.c.obj
 .text.DAP_SWJ_Pins
                0x0000000000000a14      0x2ca CMakeFiles/CH32V305_DAP.elf.dir/CherryDAP/DAP/Source/DAP.c.obj
 .text.DAP_SWJ_Clock
                0x0000000000000cde       0x74 CMakeFiles/CH32V305_DAP.elf.dir/CherryDAP/DAP/Source/DAP.c.obj
 .text.DAP_SWJ_Sequence
                0x0000000000000d52       0x66 CMakeFiles/CH32V305_DAP.elf.dir/CherryDAP/DAP/Source/DAP.c.obj
 .text.DAP_SWD_Configure
                0x0000000000000db8       0x60 CMakeFiles/CH32V305_DAP.elf.dir/CherryDAP/DAP/Source/DAP.c.obj
 .text.DAP_SWD_Sequence
                0x0000000000000e18      0x1b2 CMakeFiles/CH32V305_DAP.elf.dir/CherryDAP/DAP/Source/DAP.c.obj
 .text.DAP_JTAG_Sequence
                0x0000000000000fca       0xf2 CMakeFiles/CH32V305_DAP.elf.dir/CherryDAP/DAP/Source/DAP.c.obj
 .text.DAP_JTAG_Configure
                0x00000000000010bc      0x11a CMakeFiles/CH32V305_DAP.elf.dir/CherryDAP/DAP/Source/DAP.c.obj
 .text.DAP_JTAG_IDCode
                0x00000000000011d6       0xcc CMakeFiles/CH32V305_DAP.elf.dir/CherryDAP/DAP/Source/DAP.c.obj
 .text.DAP_TransferConfigure
                0x00000000000012a2       0x88 CMakeFiles/CH32V305_DAP.elf.dir/CherryDAP/DAP/Source/DAP.c.obj
 .text.DAP_SWD_Transfer
                0x000000000000132a      0x752 CMakeFiles/CH32V305_DAP.elf.dir/CherryDAP/DAP/Source/DAP.c.obj
 .text.DAP_JTAG_Transfer
                0x0000000000001a7c      0x76a CMakeFiles/CH32V305_DAP.elf.dir/CherryDAP/DAP/Source/DAP.c.obj
 .text.DAP_Dummy_Transfer
                0x00000000000021e6       0xa8 CMakeFiles/CH32V305_DAP.elf.dir/CherryDAP/DAP/Source/DAP.c.obj
 .text.DAP_Transfer
                0x000000000000228e       0x6a CMakeFiles/CH32V305_DAP.elf.dir/CherryDAP/DAP/Source/DAP.c.obj
 .text.DAP_SWD_TransferBlock
                0x00000000000022f8      0x302 CMakeFiles/CH32V305_DAP.elf.dir/CherryDAP/DAP/Source/DAP.c.obj
 .text.DAP_JTAG_TransferBlock
                0x00000000000025fa      0x354 CMakeFiles/CH32V305_DAP.elf.dir/CherryDAP/DAP/Source/DAP.c.obj
 .text.DAP_TransferBlock
                0x000000000000294e       0xbe CMakeFiles/CH32V305_DAP.elf.dir/CherryDAP/DAP/Source/DAP.c.obj
 .text.DAP_SWD_WriteAbort
                0x0000000000002a0c       0x62 CMakeFiles/CH32V305_DAP.elf.dir/CherryDAP/DAP/Source/DAP.c.obj
 .text.DAP_JTAG_WriteAbort
                0x0000000000002a6e       0x98 CMakeFiles/CH32V305_DAP.elf.dir/CherryDAP/DAP/Source/DAP.c.obj
 .text.DAP_WriteAbort
                0x0000000000002b06       0x6c CMakeFiles/CH32V305_DAP.elf.dir/CherryDAP/DAP/Source/DAP.c.obj
 .text.DAP_ProcessCommand
                0x0000000000002b72      0x1f2 CMakeFiles/CH32V305_DAP.elf.dir/CherryDAP/DAP/Source/DAP.c.obj
                0x0000000000002b72                DAP_ProcessCommand
 .text.DAP_ExecuteCommand
                0x0000000000002d64       0xde CMakeFiles/CH32V305_DAP.elf.dir/CherryDAP/DAP/Source/DAP.c.obj
                0x0000000000002d64                DAP_ExecuteCommand
 .text.DAP_Setup
                0x0000000000002e42       0x84 CMakeFiles/CH32V305_DAP.elf.dir/CherryDAP/DAP/Source/DAP.c.obj
                0x0000000000002e42                DAP_Setup
 .text.DAP_ProcessVendorCommand
                0x0000000000002ec6       0x60 CMakeFiles/CH32V305_DAP.elf.dir/CherryDAP/DAP/Source/DAP_vendor.c.obj
                0x0000000000002ec6                DAP_ProcessVendorCommand
 .text.TIMESTAMP_GET
                0x0000000000002f26       0x10 CMakeFiles/CH32V305_DAP.elf.dir/CherryDAP/DAP/Source/JTAG_DP.c.obj
 .text.JTAG_Sequence
                0x0000000000002f36      0x1ae CMakeFiles/CH32V305_DAP.elf.dir/CherryDAP/DAP/Source/JTAG_DP.c.obj
                0x0000000000002f36                JTAG_Sequence
 .text.JTAG_IR_Fast
                0x00000000000030e4      0x38c CMakeFiles/CH32V305_DAP.elf.dir/CherryDAP/DAP/Source/JTAG_DP.c.obj
 .text.JTAG_TransferFast
                0x0000000000003470      0x6a6 CMakeFiles/CH32V305_DAP.elf.dir/CherryDAP/DAP/Source/JTAG_DP.c.obj
 .text.JTAG_IR_Slow
                0x0000000000003b16      0x74e CMakeFiles/CH32V305_DAP.elf.dir/CherryDAP/DAP/Source/JTAG_DP.c.obj
 .text.JTAG_TransferSlow
                0x0000000000004264      0xd42 CMakeFiles/CH32V305_DAP.elf.dir/CherryDAP/DAP/Source/JTAG_DP.c.obj
 .text.JTAG_ReadIDCode
                0x0000000000004fa6      0x464 CMakeFiles/CH32V305_DAP.elf.dir/CherryDAP/DAP/Source/JTAG_DP.c.obj
                0x0000000000004fa6                JTAG_ReadIDCode
 .text.JTAG_WriteAbort
                0x000000000000540a      0x7d8 CMakeFiles/CH32V305_DAP.elf.dir/CherryDAP/DAP/Source/JTAG_DP.c.obj
                0x000000000000540a                JTAG_WriteAbort
 .text.JTAG_IR  0x0000000000005be2       0x34 CMakeFiles/CH32V305_DAP.elf.dir/CherryDAP/DAP/Source/JTAG_DP.c.obj
                0x0000000000005be2                JTAG_IR
 .text.JTAG_Transfer
                0x0000000000005c16       0x44 CMakeFiles/CH32V305_DAP.elf.dir/CherryDAP/DAP/Source/JTAG_DP.c.obj
                0x0000000000005c16                JTAG_Transfer
 .text.TIMESTAMP_GET
                0x0000000000005c5a       0x10 CMakeFiles/CH32V305_DAP.elf.dir/CherryDAP/DAP/Source/SW_DP.c.obj
 .text.SWJ_Sequence
                0x0000000000005c6a       0xf6 CMakeFiles/CH32V305_DAP.elf.dir/CherryDAP/DAP/Source/SW_DP.c.obj
                0x0000000000005c6a                SWJ_Sequence
 .text.SWD_Sequence
                0x0000000000005d60      0x226 CMakeFiles/CH32V305_DAP.elf.dir/CherryDAP/DAP/Source/SW_DP.c.obj
                0x0000000000005d60                SWD_Sequence
 .text.SWD_TransferFast
                0x0000000000005f86      0x9c4 CMakeFiles/CH32V305_DAP.elf.dir/CherryDAP/DAP/Source/SW_DP.c.obj
 .text.SWD_TransferSlow
                0x000000000000694a     0x10fc CMakeFiles/CH32V305_DAP.elf.dir/CherryDAP/DAP/Source/SW_DP.c.obj
 .text.SWD_Transfer
                0x0000000000007a46       0x44 CMakeFiles/CH32V305_DAP.elf.dir/CherryDAP/DAP/Source/SW_DP.c.obj
                0x0000000000007a46                SWD_Transfer
 .text.usbd_event_handler
                0x0000000000007a8a       0x84 CMakeFiles/CH32V305_DAP.elf.dir/CherryDAP/dap_main.c.obj
                0x0000000000007a8a                usbd_event_handler
 .text.dap_out_callback
                0x0000000000007b0e       0xfc CMakeFiles/CH32V305_DAP.elf.dir/CherryDAP/dap_main.c.obj
                0x0000000000007b0e                dap_out_callback
 .text.dap_in_callback
                0x0000000000007c0a       0xe0 CMakeFiles/CH32V305_DAP.elf.dir/CherryDAP/dap_main.c.obj
                0x0000000000007c0a                dap_in_callback
 .text.usbd_cdc_acm_bulk_out
                0x0000000000007cea       0x68 CMakeFiles/CH32V305_DAP.elf.dir/CherryDAP/dap_main.c.obj
                0x0000000000007cea                usbd_cdc_acm_bulk_out
 .text.usbd_cdc_acm_bulk_in
                0x0000000000007d52       0x56 CMakeFiles/CH32V305_DAP.elf.dir/CherryDAP/dap_main.c.obj
                0x0000000000007d52                usbd_cdc_acm_bulk_in
 .text.chry_dap_state_init
                0x0000000000007da8       0x62 CMakeFiles/CH32V305_DAP.elf.dir/CherryDAP/dap_main.c.obj
 .text.chry_dap_init
                0x0000000000007e0a      0x21a CMakeFiles/CH32V305_DAP.elf.dir/CherryDAP/dap_main.c.obj
                0x0000000000007e0a                chry_dap_init
 .text.chry_dap_handle
                0x0000000000008024      0x2c6 CMakeFiles/CH32V305_DAP.elf.dir/CherryDAP/dap_main.c.obj
                0x0000000000008024                chry_dap_handle
 .text.usbd_cdc_acm_set_line_coding
                0x00000000000082ea       0x7a CMakeFiles/CH32V305_DAP.elf.dir/CherryDAP/dap_main.c.obj
                0x00000000000082ea                usbd_cdc_acm_set_line_coding
 .text.usbd_cdc_acm_get_line_coding
                0x0000000000008364       0x4e CMakeFiles/CH32V305_DAP.elf.dir/CherryDAP/dap_main.c.obj
                0x0000000000008364                usbd_cdc_acm_get_line_coding
 .text.chry_dap_usb2uart_handle
                0x00000000000083b2      0x1e4 CMakeFiles/CH32V305_DAP.elf.dir/CherryDAP/dap_main.c.obj
                0x00000000000083b2                chry_dap_usb2uart_handle
 .text.chry_ringbuffer_init
                0x0000000000008596       0x76 CMakeFiles/CH32V305_DAP.elf.dir/CherryRB/chry_ringbuffer.c.obj
                0x0000000000008596                chry_ringbuffer_init
 .text.chry_ringbuffer_get_used
                0x000000000000860c       0x22 CMakeFiles/CH32V305_DAP.elf.dir/CherryRB/chry_ringbuffer.c.obj
                0x000000000000860c                chry_ringbuffer_get_used
 .text.chry_ringbuffer_get_free
                0x000000000000862e       0x2c CMakeFiles/CH32V305_DAP.elf.dir/CherryRB/chry_ringbuffer.c.obj
                0x000000000000862e                chry_ringbuffer_get_free
 .text.chry_ringbuffer_write
                0x000000000000865a       0xde CMakeFiles/CH32V305_DAP.elf.dir/CherryRB/chry_ringbuffer.c.obj
                0x000000000000865a                chry_ringbuffer_write
 .text.chry_ringbuffer_drop
                0x0000000000008738       0x54 CMakeFiles/CH32V305_DAP.elf.dir/CherryRB/chry_ringbuffer.c.obj
                0x0000000000008738                chry_ringbuffer_drop
 .text.chry_ringbuffer_linear_read_setup
                0x000000000000878c       0x96 CMakeFiles/CH32V305_DAP.elf.dir/CherryRB/chry_ringbuffer.c.obj
                0x000000000000878c                chry_ringbuffer_linear_read_setup
 .text.chry_ringbuffer_linear_read_done
                0x0000000000008822       0x26 CMakeFiles/CH32V305_DAP.elf.dir/CherryRB/chry_ringbuffer.c.obj
                0x0000000000008822                chry_ringbuffer_linear_read_done
 .text.cdc_acm_class_interface_request_handler
                0x0000000000008848      0x15e CMakeFiles/CH32V305_DAP.elf.dir/CherryUSB/class/cdc/usbd_cdc.c.obj
 .text.usbd_cdc_acm_init_intf
                0x00000000000089a6       0x3a CMakeFiles/CH32V305_DAP.elf.dir/CherryUSB/class/cdc/usbd_cdc.c.obj
                0x00000000000089a6                usbd_cdc_acm_init_intf
 .text.usbd_cdc_acm_set_dtr
                0x00000000000089e0       0x1c CMakeFiles/CH32V305_DAP.elf.dir/CherryUSB/class/cdc/usbd_cdc.c.obj
                0x00000000000089e0                usbd_cdc_acm_set_dtr
 .text.usbd_cdc_acm_set_rts
                0x00000000000089fc       0x1c CMakeFiles/CH32V305_DAP.elf.dir/CherryUSB/class/cdc/usbd_cdc.c.obj
                0x00000000000089fc                usbd_cdc_acm_set_rts
 .text.usbd_cdc_acm_send_break
                0x0000000000008a18       0x14 CMakeFiles/CH32V305_DAP.elf.dir/CherryUSB/class/cdc/usbd_cdc.c.obj
                0x0000000000008a18                usbd_cdc_acm_send_break
 .text.usbd_print_setup
                0x0000000000008a2c       0x12 CMakeFiles/CH32V305_DAP.elf.dir/CherryUSB/core/usbd_core.c.obj
 .text.is_device_configured
                0x0000000000008a3e       0x22 CMakeFiles/CH32V305_DAP.elf.dir/CherryUSB/core/usbd_core.c.obj
 .text.usbd_set_endpoint
                0x0000000000008a60       0x60 CMakeFiles/CH32V305_DAP.elf.dir/CherryUSB/core/usbd_core.c.obj
 .text.usbd_reset_endpoint
                0x0000000000008ac0       0x60 CMakeFiles/CH32V305_DAP.elf.dir/CherryUSB/core/usbd_core.c.obj
 .text.usbd_get_descriptor
                0x0000000000008b20      0x1ee CMakeFiles/CH32V305_DAP.elf.dir/CherryUSB/core/usbd_core.c.obj
 .text.usbd_set_configuration
                0x0000000000008d0e       0xd6 CMakeFiles/CH32V305_DAP.elf.dir/CherryUSB/core/usbd_core.c.obj
 .text.usbd_set_interface
                0x0000000000008de4       0xfa CMakeFiles/CH32V305_DAP.elf.dir/CherryUSB/core/usbd_core.c.obj
 .text.usbd_std_device_req_handler
                0x0000000000008ede      0x154 CMakeFiles/CH32V305_DAP.elf.dir/CherryUSB/core/usbd_core.c.obj
 .text.usbd_std_interface_req_handler
                0x0000000000009032      0x18e CMakeFiles/CH32V305_DAP.elf.dir/CherryUSB/core/usbd_core.c.obj
 .text.usbd_std_endpoint_req_handler
                0x00000000000091c0       0xfc CMakeFiles/CH32V305_DAP.elf.dir/CherryUSB/core/usbd_core.c.obj
 .text.usbd_standard_request_handler
                0x00000000000092bc       0xbc CMakeFiles/CH32V305_DAP.elf.dir/CherryUSB/core/usbd_core.c.obj
 .text.usbd_class_request_handler
                0x0000000000009378      0x12a CMakeFiles/CH32V305_DAP.elf.dir/CherryUSB/core/usbd_core.c.obj
 .text.usbd_vendor_request_handler
                0x00000000000094a2      0x2b2 CMakeFiles/CH32V305_DAP.elf.dir/CherryUSB/core/usbd_core.c.obj
 .text.usbd_setup_request_handler
                0x0000000000009754       0xb8 CMakeFiles/CH32V305_DAP.elf.dir/CherryUSB/core/usbd_core.c.obj
 .text.usbd_class_event_notify_handler
                0x000000000000980c       0xbc CMakeFiles/CH32V305_DAP.elf.dir/CherryUSB/core/usbd_core.c.obj
 .text.usbd_event_reset_handler
                0x00000000000098c8       0x56 CMakeFiles/CH32V305_DAP.elf.dir/CherryUSB/core/usbd_core.c.obj
                0x00000000000098c8                usbd_event_reset_handler
 .text.usbd_event_ep0_setup_complete_handler
                0x000000000000991e      0x1c8 CMakeFiles/CH32V305_DAP.elf.dir/CherryUSB/core/usbd_core.c.obj
                0x000000000000991e                usbd_event_ep0_setup_complete_handler
 .text.usbd_event_ep0_in_complete_handler
                0x0000000000009ae6       0xd6 CMakeFiles/CH32V305_DAP.elf.dir/CherryUSB/core/usbd_core.c.obj
                0x0000000000009ae6                usbd_event_ep0_in_complete_handler
 .text.usbd_event_ep0_out_complete_handler
                0x0000000000009bbc       0xd4 CMakeFiles/CH32V305_DAP.elf.dir/CherryUSB/core/usbd_core.c.obj
                0x0000000000009bbc                usbd_event_ep0_out_complete_handler
 .text.usbd_event_ep_in_complete_handler
                0x0000000000009c90       0x66 CMakeFiles/CH32V305_DAP.elf.dir/CherryUSB/core/usbd_core.c.obj
                0x0000000000009c90                usbd_event_ep_in_complete_handler
 .text.usbd_event_ep_out_complete_handler
                0x0000000000009cf6       0x66 CMakeFiles/CH32V305_DAP.elf.dir/CherryUSB/core/usbd_core.c.obj
                0x0000000000009cf6                usbd_event_ep_out_complete_handler
 .text.usbd_desc_register
                0x0000000000009d5c       0x82 CMakeFiles/CH32V305_DAP.elf.dir/CherryUSB/core/usbd_core.c.obj
                0x0000000000009d5c                usbd_desc_register
 .text.usbd_msosv2_desc_register
                0x0000000000009dde       0x20 CMakeFiles/CH32V305_DAP.elf.dir/CherryUSB/core/usbd_core.c.obj
                0x0000000000009dde                usbd_msosv2_desc_register
 .text.usbd_bos_desc_register
                0x0000000000009dfe       0x20 CMakeFiles/CH32V305_DAP.elf.dir/CherryUSB/core/usbd_core.c.obj
                0x0000000000009dfe                usbd_bos_desc_register
 .text.usbd_add_interface
                0x0000000000009e1e       0x66 CMakeFiles/CH32V305_DAP.elf.dir/CherryUSB/core/usbd_core.c.obj
                0x0000000000009e1e                usbd_add_interface
 .text.usbd_add_endpoint
                0x0000000000009e84       0xba CMakeFiles/CH32V305_DAP.elf.dir/CherryUSB/core/usbd_core.c.obj
                0x0000000000009e84                usbd_add_endpoint
 .text.usb_device_is_configured
                0x0000000000009f3e       0x22 CMakeFiles/CH32V305_DAP.elf.dir/CherryUSB/core/usbd_core.c.obj
                0x0000000000009f3e                usb_device_is_configured
 .text.usbd_initialize
                0x0000000000009f60       0x16 CMakeFiles/CH32V305_DAP.elf.dir/CherryUSB/core/usbd_core.c.obj
                0x0000000000009f60                usbd_initialize
 .text.usb_dc_init
                0x0000000000009f76       0xb4 CMakeFiles/CH32V305_DAP.elf.dir/CherryUSB/port/ch32/usb_dc_usbhs.c.obj
                0x0000000000009f76                usb_dc_init
 .text.usbd_set_address
                0x000000000000a02a       0x38 CMakeFiles/CH32V305_DAP.elf.dir/CherryUSB/port/ch32/usb_dc_usbhs.c.obj
                0x000000000000a02a                usbd_set_address
 .text.usbd_ep_open
                0x000000000000a062      0x17a CMakeFiles/CH32V305_DAP.elf.dir/CherryUSB/port/ch32/usb_dc_usbhs.c.obj
                0x000000000000a062                usbd_ep_open
 .text.usbd_ep_close
                0x000000000000a1dc       0x16 CMakeFiles/CH32V305_DAP.elf.dir/CherryUSB/port/ch32/usb_dc_usbhs.c.obj
                0x000000000000a1dc                usbd_ep_close
 .text.usbd_ep_set_stall
                0x000000000000a1f2       0xc0 CMakeFiles/CH32V305_DAP.elf.dir/CherryUSB/port/ch32/usb_dc_usbhs.c.obj
                0x000000000000a1f2                usbd_ep_set_stall
 .text.usbd_ep_clear_stall
                0x000000000000a2b2       0x5a CMakeFiles/CH32V305_DAP.elf.dir/CherryUSB/port/ch32/usb_dc_usbhs.c.obj
                0x000000000000a2b2                usbd_ep_clear_stall
 .text.usbd_ep_start_write
                0x000000000000a30c      0x23e CMakeFiles/CH32V305_DAP.elf.dir/CherryUSB/port/ch32/usb_dc_usbhs.c.obj
                0x000000000000a30c                usbd_ep_start_write
 .text.usbd_ep_start_read
                0x000000000000a54a      0x158 CMakeFiles/CH32V305_DAP.elf.dir/CherryUSB/port/ch32/usb_dc_usbhs.c.obj
                0x000000000000a54a                usbd_ep_start_read
 .text.USBHS_IRQHandler
                0x000000000000a6a2      0xa3e CMakeFiles/CH32V305_DAP.elf.dir/CherryUSB/port/ch32/usb_dc_usbhs.c.obj
                0x000000000000a6a2                USBHS_IRQHandler
 .text.swd_get_apsel
                0x000000000000b0e0       0x1c CMakeFiles/CH32V305_DAP.elf.dir/DAPHost/swd_host.c.obj
 .text.swd_set_target_reset
                0x000000000000b0fc       0x3a CMakeFiles/CH32V305_DAP.elf.dir/DAPHost/swd_host.c.obj
                0x000000000000b0fc                swd_set_target_reset
 .text.int2array
                0x000000000000b136       0x5c CMakeFiles/CH32V305_DAP.elf.dir/DAPHost/swd_host.c.obj
                0x000000000000b136                int2array
 .text.swd_transfer_retry
                0x000000000000b192       0x5c CMakeFiles/CH32V305_DAP.elf.dir/DAPHost/swd_host.c.obj
                0x000000000000b192                swd_transfer_retry
 .text.swd_write_dp
                0x000000000000b1ee       0x96 CMakeFiles/CH32V305_DAP.elf.dir/DAPHost/swd_host.c.obj
                0x000000000000b1ee                swd_write_dp
 .text.swd_write_ap
                0x000000000000b284       0xda CMakeFiles/CH32V305_DAP.elf.dir/DAPHost/swd_host.c.obj
                0x000000000000b284                swd_write_ap
 .text.swd_write_data
                0x000000000000b35e       0x9e CMakeFiles/CH32V305_DAP.elf.dir/DAPHost/swd_host.c.obj
 .text.swd_write_word
                0x000000000000b3fc       0x42 CMakeFiles/CH32V305_DAP.elf.dir/DAPHost/swd_host.c.obj
                0x000000000000b3fc                swd_write_word
 .text.Delay_Init
                0x000000000000b43e       0x4a CMakeFiles/CH32V305_DAP.elf.dir/Debug/debug.c.obj
                0x000000000000b43e                Delay_Init
 .text._sbrk    0x000000000000b488       0x5e CMakeFiles/CH32V305_DAP.elf.dir/Debug/debug.c.obj
                0x000000000000b488                _sbrk
 .text.DMA_DeInit
                0x000000000000b4e6      0x312 CMakeFiles/CH32V305_DAP.elf.dir/Peripheral/src/ch32v30x_dma.c.obj
                0x000000000000b4e6                DMA_DeInit
 .text.DMA_Init
                0x000000000000b7f8       0xa8 CMakeFiles/CH32V305_DAP.elf.dir/Peripheral/src/ch32v30x_dma.c.obj
                0x000000000000b7f8                DMA_Init
 .text.DMA_Cmd  0x000000000000b8a0       0x40 CMakeFiles/CH32V305_DAP.elf.dir/Peripheral/src/ch32v30x_dma.c.obj
                0x000000000000b8a0                DMA_Cmd
 .text.DMA_SetCurrDataCounter
                0x000000000000b8e0       0x22 CMakeFiles/CH32V305_DAP.elf.dir/Peripheral/src/ch32v30x_dma.c.obj
                0x000000000000b8e0                DMA_SetCurrDataCounter
 .text.DMA_GetCurrDataCounter
                0x000000000000b902       0x1c CMakeFiles/CH32V305_DAP.elf.dir/Peripheral/src/ch32v30x_dma.c.obj
                0x000000000000b902                DMA_GetCurrDataCounter
 .text.GPIO_Init
                0x000000000000b91e      0x222 CMakeFiles/CH32V305_DAP.elf.dir/Peripheral/src/ch32v30x_gpio.c.obj
                0x000000000000b91e                GPIO_Init
 .text.GPIO_ReadInputDataBit
                0x000000000000bb40       0x3a CMakeFiles/CH32V305_DAP.elf.dir/Peripheral/src/ch32v30x_gpio.c.obj
                0x000000000000bb40                GPIO_ReadInputDataBit
 .text.GPIO_SetBits
                0x000000000000bb7a       0x22 CMakeFiles/CH32V305_DAP.elf.dir/Peripheral/src/ch32v30x_gpio.c.obj
                0x000000000000bb7a                GPIO_SetBits
 .text.GPIO_ResetBits
                0x000000000000bb9c       0x22 CMakeFiles/CH32V305_DAP.elf.dir/Peripheral/src/ch32v30x_gpio.c.obj
                0x000000000000bb9c                GPIO_ResetBits
 .text.GPIO_PinRemapConfig
                0x000000000000bbbe      0x1d0 CMakeFiles/CH32V305_DAP.elf.dir/Peripheral/src/ch32v30x_gpio.c.obj
                0x000000000000bbbe                GPIO_PinRemapConfig
 .text.NVIC_PriorityGroupConfig
                0x000000000000bd8e       0x1e CMakeFiles/CH32V305_DAP.elf.dir/Peripheral/src/ch32v30x_misc.c.obj
                0x000000000000bd8e                NVIC_PriorityGroupConfig
 .text.RCC_GetClocksFreq
                0x000000000000bdac      0x394 CMakeFiles/CH32V305_DAP.elf.dir/Peripheral/src/ch32v30x_rcc.c.obj
                0x000000000000bdac                RCC_GetClocksFreq
 .text.RCC_AHBPeriphClockCmd
                0x000000000000c140       0x46 CMakeFiles/CH32V305_DAP.elf.dir/Peripheral/src/ch32v30x_rcc.c.obj
                0x000000000000c140                RCC_AHBPeriphClockCmd
 .text.RCC_APB2PeriphClockCmd
                0x000000000000c186       0x46 CMakeFiles/CH32V305_DAP.elf.dir/Peripheral/src/ch32v30x_rcc.c.obj
                0x000000000000c186                RCC_APB2PeriphClockCmd
 .text.RCC_APB1PeriphClockCmd
                0x000000000000c1cc       0x46 CMakeFiles/CH32V305_DAP.elf.dir/Peripheral/src/ch32v30x_rcc.c.obj
                0x000000000000c1cc                RCC_APB1PeriphClockCmd
 .text.RCC_USBHSConfig
                0x000000000000c212       0x3c CMakeFiles/CH32V305_DAP.elf.dir/Peripheral/src/ch32v30x_rcc.c.obj
                0x000000000000c212                RCC_USBHSConfig
 .text.RCC_USBHSPLLCLKConfig
                0x000000000000c24e       0x3c CMakeFiles/CH32V305_DAP.elf.dir/Peripheral/src/ch32v30x_rcc.c.obj
                0x000000000000c24e                RCC_USBHSPLLCLKConfig
 .text.RCC_USBHSPLLCKREFCLKConfig
                0x000000000000c28a       0x3c CMakeFiles/CH32V305_DAP.elf.dir/Peripheral/src/ch32v30x_rcc.c.obj
                0x000000000000c28a                RCC_USBHSPLLCKREFCLKConfig
 .text.RCC_USBHSPHYPLLALIVEcmd
                0x000000000000c2c6       0x40 CMakeFiles/CH32V305_DAP.elf.dir/Peripheral/src/ch32v30x_rcc.c.obj
                0x000000000000c2c6                RCC_USBHSPHYPLLALIVEcmd
 .text.RCC_USBCLK48MConfig
                0x000000000000c306       0x3c CMakeFiles/CH32V305_DAP.elf.dir/Peripheral/src/ch32v30x_rcc.c.obj
                0x000000000000c306                RCC_USBCLK48MConfig
 .text.USART_Init
                0x000000000000c342      0x218 CMakeFiles/CH32V305_DAP.elf.dir/Peripheral/src/ch32v30x_usart.c.obj
                0x000000000000c342                USART_Init
 .text.USART_Cmd
                0x000000000000c55a       0x58 CMakeFiles/CH32V305_DAP.elf.dir/Peripheral/src/ch32v30x_usart.c.obj
                0x000000000000c55a                USART_Cmd
 .text.USART_DMACmd
                0x000000000000c5b2       0x66 CMakeFiles/CH32V305_DAP.elf.dir/Peripheral/src/ch32v30x_usart.c.obj
                0x000000000000c5b2                USART_DMACmd
 .text.USART_SendData
                0x000000000000c618       0x2c CMakeFiles/CH32V305_DAP.elf.dir/Peripheral/src/ch32v30x_usart.c.obj
                0x000000000000c618                USART_SendData
 .text.USART_GetFlagStatus
                0x000000000000c644       0x42 CMakeFiles/CH32V305_DAP.elf.dir/Peripheral/src/ch32v30x_usart.c.obj
                0x000000000000c644                USART_GetFlagStatus
 .text.USART_ClearFlag
                0x000000000000c686       0x2c CMakeFiles/CH32V305_DAP.elf.dir/Peripheral/src/ch32v30x_usart.c.obj
                0x000000000000c686                USART_ClearFlag
 .text.vector_handler
                0x000000000000c6b2       0xbe CMakeFiles/CH32V305_DAP.elf.dir/Startup/startup_ch32v30x_D8C.S.obj
                0x000000000000c6b6                Ecall_M_Mode_Handler
                0x000000000000c6b8                Ecall_U_Mode_Handler
                0x000000000000c6ba                Break_Point_Handler
                0x000000000000c6bc                SysTick_Handler
                0x000000000000c6be                SW_Handler
                0x000000000000c6c0                WWDG_IRQHandler
                0x000000000000c6c2                PVD_IRQHandler
                0x000000000000c6c4                TAMPER_IRQHandler
                0x000000000000c6c6                RTC_IRQHandler
                0x000000000000c6c8                FLASH_IRQHandler
                0x000000000000c6ca                RCC_IRQHandler
                0x000000000000c6cc                EXTI0_IRQHandler
                0x000000000000c6ce                EXTI1_IRQHandler
                0x000000000000c6d0                EXTI2_IRQHandler
                0x000000000000c6d2                EXTI3_IRQHandler
                0x000000000000c6d4                EXTI4_IRQHandler
                0x000000000000c6d6                DMA1_Channel1_IRQHandler
                0x000000000000c6d8                DMA1_Channel2_IRQHandler
                0x000000000000c6da                DMA1_Channel3_IRQHandler
                0x000000000000c6dc                DMA1_Channel4_IRQHandler
                0x000000000000c6de                DMA1_Channel5_IRQHandler
                0x000000000000c6e0                DMA1_Channel6_IRQHandler
                0x000000000000c6e2                DMA1_Channel7_IRQHandler
                0x000000000000c6e4                ADC1_2_IRQHandler
                0x000000000000c6e6                USB_HP_CAN1_TX_IRQHandler
                0x000000000000c6e8                USB_LP_CAN1_RX0_IRQHandler
                0x000000000000c6ea                CAN1_RX1_IRQHandler
                0x000000000000c6ec                CAN1_SCE_IRQHandler
                0x000000000000c6ee                EXTI9_5_IRQHandler
                0x000000000000c6f0                TIM1_BRK_IRQHandler
                0x000000000000c6f2                TIM1_UP_IRQHandler
                0x000000000000c6f4                TIM1_TRG_COM_IRQHandler
                0x000000000000c6f6                TIM1_CC_IRQHandler
                0x000000000000c6f8                TIM2_IRQHandler
                0x000000000000c6fa                TIM3_IRQHandler
                0x000000000000c6fc                TIM4_IRQHandler
                0x000000000000c6fe                I2C1_EV_IRQHandler
                0x000000000000c700                I2C1_ER_IRQHandler
                0x000000000000c702                I2C2_EV_IRQHandler
                0x000000000000c704                I2C2_ER_IRQHandler
                0x000000000000c706                SPI1_IRQHandler
                0x000000000000c708                SPI2_IRQHandler
                0x000000000000c70a                USART1_IRQHandler
                0x000000000000c70c                USART2_IRQHandler
                0x000000000000c70e                USART3_IRQHandler
                0x000000000000c710                EXTI15_10_IRQHandler
                0x000000000000c712                RTCAlarm_IRQHandler
                0x000000000000c714                USBWakeUp_IRQHandler
                0x000000000000c716                TIM8_BRK_IRQHandler
                0x000000000000c718                TIM8_UP_IRQHandler
                0x000000000000c71a                TIM8_TRG_COM_IRQHandler
                0x000000000000c71c                TIM8_CC_IRQHandler
                0x000000000000c71e                RNG_IRQHandler
                0x000000000000c720                FSMC_IRQHandler
                0x000000000000c722                SDIO_IRQHandler
                0x000000000000c724                TIM5_IRQHandler
                0x000000000000c726                SPI3_IRQHandler
                0x000000000000c728                UART4_IRQHandler
                0x000000000000c72a                UART5_IRQHandler
                0x000000000000c72c                TIM6_IRQHandler
                0x000000000000c72e                TIM7_IRQHandler
                0x000000000000c730                DMA2_Channel1_IRQHandler
                0x000000000000c732                DMA2_Channel2_IRQHandler
                0x000000000000c734                DMA2_Channel3_IRQHandler
                0x000000000000c736                DMA2_Channel4_IRQHandler
                0x000000000000c738                DMA2_Channel5_IRQHandler
                0x000000000000c73a                ETH_IRQHandler
                0x000000000000c73c                ETH_WKUP_IRQHandler
                0x000000000000c73e                CAN2_TX_IRQHandler
                0x000000000000c740                CAN2_RX0_IRQHandler
                0x000000000000c742                CAN2_RX1_IRQHandler
                0x000000000000c744                CAN2_SCE_IRQHandler
                0x000000000000c746                OTG_FS_IRQHandler
                0x000000000000c748                USBHSWakeup_IRQHandler
                0x000000000000c74c                DVP_IRQHandler
                0x000000000000c74e                UART6_IRQHandler
                0x000000000000c750                UART7_IRQHandler
                0x000000000000c752                UART8_IRQHandler
                0x000000000000c754                TIM9_BRK_IRQHandler
                0x000000000000c756                TIM9_UP_IRQHandler
                0x000000000000c758                TIM9_TRG_COM_IRQHandler
                0x000000000000c75a                TIM9_CC_IRQHandler
                0x000000000000c75c                TIM10_BRK_IRQHandler
                0x000000000000c75e                TIM10_UP_IRQHandler
                0x000000000000c760                TIM10_TRG_COM_IRQHandler
                0x000000000000c762                TIM10_CC_IRQHandler
                0x000000000000c764                DMA2_Channel6_IRQHandler
                0x000000000000c766                DMA2_Channel7_IRQHandler
                0x000000000000c768                DMA2_Channel8_IRQHandler
                0x000000000000c76a                DMA2_Channel9_IRQHandler
                0x000000000000c76c                DMA2_Channel10_IRQHandler
                0x000000000000c76e                DMA2_Channel11_IRQHandler
 .text.handle_reset
                0x000000000000c770       0x90 CMakeFiles/CH32V305_DAP.elf.dir/Startup/startup_ch32v30x_D8C.S.obj
                0x000000000000c770                handle_reset
 .text.NMI_Handler
                0x000000000000c800       0x10 CMakeFiles/CH32V305_DAP.elf.dir/User/ch32v30x_it.c.obj
                0x000000000000c800                NMI_Handler
 .text.HardFault_Handler
                0x000000000000c810        0x8 CMakeFiles/CH32V305_DAP.elf.dir/User/ch32v30x_it.c.obj
                0x000000000000c810                HardFault_Handler
 .text.enable_power_output
                0x000000000000c818       0x96 CMakeFiles/CH32V305_DAP.elf.dir/User/main.c.obj
                0x000000000000c818                enable_power_output
 .text.USBHS_RCC_Init
                0x000000000000c8ae       0x3c CMakeFiles/CH32V305_DAP.elf.dir/User/main.c.obj
                0x000000000000c8ae                USBHS_RCC_Init
 .text.usb_dc_low_level_init
                0x000000000000c8ea       0x3e CMakeFiles/CH32V305_DAP.elf.dir/User/main.c.obj
                0x000000000000c8ea                usb_dc_low_level_init
 .text.check_iap_status
                0x000000000000c928       0x94 CMakeFiles/CH32V305_DAP.elf.dir/User/main.c.obj
                0x000000000000c928                check_iap_status
 .text.main     0x000000000000c9bc       0x50 CMakeFiles/CH32V305_DAP.elf.dir/User/main.c.obj
                0x000000000000c9bc                main
 .text.SystemInit
                0x000000000000ca0c       0x98 CMakeFiles/CH32V305_DAP.elf.dir/User/system_ch32v30x.c.obj
                0x000000000000ca0c                SystemInit
 .text.SystemCoreClockUpdate
                0x000000000000caa4      0x1aa CMakeFiles/CH32V305_DAP.elf.dir/User/system_ch32v30x.c.obj
                0x000000000000caa4                SystemCoreClockUpdate
 .text.SetSysClock
                0x000000000000cc4e       0x14 CMakeFiles/CH32V305_DAP.elf.dir/User/system_ch32v30x.c.obj
 .text.SetSysClockTo144_HSE
                0x000000000000cc62      0x114 CMakeFiles/CH32V305_DAP.elf.dir/User/system_ch32v30x.c.obj
 .text.DMA_INIT
                0x000000000000cd76       0xd2 CMakeFiles/CH32V305_DAP.elf.dir/User/usb2uart.c.obj
                0x000000000000cd76                DMA_INIT
 .text.UART3_CfgInit
                0x000000000000ce48       0xbc CMakeFiles/CH32V305_DAP.elf.dir/User/usb2uart.c.obj
                0x000000000000ce48                UART3_CfgInit
 .text.uartx_preinit
                0x000000000000cf04      0x110 CMakeFiles/CH32V305_DAP.elf.dir/User/usb2uart.c.obj
                0x000000000000cf04                uartx_preinit
 .text.chry_dap_usb2uart_uart_config_callback
                0x000000000000d014       0x44 CMakeFiles/CH32V305_DAP.elf.dir/User/usb2uart.c.obj
                0x000000000000d014                chry_dap_usb2uart_uart_config_callback
 .text.memcmp   0x000000000000d058       0x24 /home/bdroy/Embedded/ch32v-base/MounRiver_Studio_Community_Linux_x64_V170/MRS_Community/toolchain/RISC-V Embedded GCC 12/bin/../lib/gcc/riscv-none-elf/12.2.0/../../../../riscv-none-elf/lib/rv32imac_xw/ilp32/libc_nano.a(lib_a-memcmp.o)
                0x000000000000d058                memcmp
 .text.sprintf  0x000000000000d07c       0x40 /home/bdroy/Embedded/ch32v-base/MounRiver_Studio_Community_Linux_x64_V170/MRS_Community/toolchain/RISC-V Embedded GCC 12/bin/../lib/gcc/riscv-none-elf/12.2.0/../../../../riscv-none-elf/lib/rv32imac_xw/ilp32/libc_nano.a(lib_a-sprintf.o)
                0x000000000000d07c                sprintf
                0x000000000000d07c                siprintf
 .text.__ssputs_r
                0x000000000000d0bc       0xe0 /home/bdroy/Embedded/ch32v-base/MounRiver_Studio_Community_Linux_x64_V170/MRS_Community/toolchain/RISC-V Embedded GCC 12/bin/../lib/gcc/riscv-none-elf/12.2.0/../../../../riscv-none-elf/lib/rv32imac_xw/ilp32/libc_nano.a(lib_a-nano-svfprintf.o)
                0x000000000000d0bc                __ssputs_r
 .text._svfprintf_r
                0x000000000000d19c      0x256 /home/bdroy/Embedded/ch32v-base/MounRiver_Studio_Community_Linux_x64_V170/MRS_Community/toolchain/RISC-V Embedded GCC 12/bin/../lib/gcc/riscv-none-elf/12.2.0/../../../../riscv-none-elf/lib/rv32imac_xw/ilp32/libc_nano.a(lib_a-nano-svfprintf.o)
                0x000000000000d19c                _svfprintf_r
                0x000000000000d19c                _svfiprintf_r
 .text._printf_common
                0x000000000000d3f2      0x110 /home/bdroy/Embedded/ch32v-base/MounRiver_Studio_Community_Linux_x64_V170/MRS_Community/toolchain/RISC-V Embedded GCC 12/bin/../lib/gcc/riscv-none-elf/12.2.0/../../../../riscv-none-elf/lib/rv32imac_xw/ilp32/libc_nano.a(lib_a-nano-vfprintf_i.o)
                0x000000000000d3f2                _printf_common
 .text._printf_i
                0x000000000000d502      0x27a /home/bdroy/Embedded/ch32v-base/MounRiver_Studio_Community_Linux_x64_V170/MRS_Community/toolchain/RISC-V Embedded GCC 12/bin/../lib/gcc/riscv-none-elf/12.2.0/../../../../riscv-none-elf/lib/rv32imac_xw/ilp32/libc_nano.a(lib_a-nano-vfprintf_i.o)
                0x000000000000d502                _printf_i
 .text.memchr   0x000000000000d77c       0x18 /home/bdroy/Embedded/ch32v-base/MounRiver_Studio_Community_Linux_x64_V170/MRS_Community/toolchain/RISC-V Embedded GCC 12/bin/../lib/gcc/riscv-none-elf/12.2.0/../../../../riscv-none-elf/lib/rv32imac_xw/ilp32/libc_nano.a(lib_a-memchr.o)
                0x000000000000d77c                memchr
 .text._free_r  0x000000000000d794       0xa2 /home/bdroy/Embedded/ch32v-base/MounRiver_Studio_Community_Linux_x64_V170/MRS_Community/toolchain/RISC-V Embedded GCC 12/bin/../lib/gcc/riscv-none-elf/12.2.0/../../../../riscv-none-elf/lib/rv32imac_xw/ilp32/libc_nano.a(lib_a-nano-freer.o)
                0x000000000000d794                _free_r
 .text.sbrk_aligned
                0x000000000000d836       0x58 /home/bdroy/Embedded/ch32v-base/MounRiver_Studio_Community_Linux_x64_V170/MRS_Community/toolchain/RISC-V Embedded GCC 12/bin/../lib/gcc/riscv-none-elf/12.2.0/../../../../riscv-none-elf/lib/rv32imac_xw/ilp32/libc_nano.a(lib_a-nano-mallocr.o)
 .text._malloc_r
                0x000000000000d88e      0x10c /home/bdroy/Embedded/ch32v-base/MounRiver_Studio_Community_Linux_x64_V170/MRS_Community/toolchain/RISC-V Embedded GCC 12/bin/../lib/gcc/riscv-none-elf/12.2.0/../../../../riscv-none-elf/lib/rv32imac_xw/ilp32/libc_nano.a(lib_a-nano-mallocr.o)
                0x000000000000d88e                _malloc_r
 .text._realloc_r
                0x000000000000d99a       0x78 /home/bdroy/Embedded/ch32v-base/MounRiver_Studio_Community_Linux_x64_V170/MRS_Community/toolchain/RISC-V Embedded GCC 12/bin/../lib/gcc/riscv-none-elf/12.2.0/../../../../riscv-none-elf/lib/rv32imac_xw/ilp32/libc_nano.a(lib_a-nano-reallocr.o)
                0x000000000000d99a                _realloc_r
 .text._sbrk_r  0x000000000000da12       0x30 /home/bdroy/Embedded/ch32v-base/MounRiver_Studio_Community_Linux_x64_V170/MRS_Community/toolchain/RISC-V Embedded GCC 12/bin/../lib/gcc/riscv-none-elf/12.2.0/../../../../riscv-none-elf/lib/rv32imac_xw/ilp32/libc_nano.a(lib_a-sbrkr.o)
                0x000000000000da12                _sbrk_r
 .text.__malloc_lock
                0x000000000000da42        0xa /home/bdroy/Embedded/ch32v-base/MounRiver_Studio_Community_Linux_x64_V170/MRS_Community/toolchain/RISC-V Embedded GCC 12/bin/../lib/gcc/riscv-none-elf/12.2.0/../../../../riscv-none-elf/lib/rv32imac_xw/ilp32/libc_nano.a(lib_a-mlock.o)
                0x000000000000da42                __malloc_lock
 .text.__malloc_unlock
                0x000000000000da4c        0xa /home/bdroy/Embedded/ch32v-base/MounRiver_Studio_Community_Linux_x64_V170/MRS_Community/toolchain/RISC-V Embedded GCC 12/bin/../lib/gcc/riscv-none-elf/12.2.0/../../../../riscv-none-elf/lib/rv32imac_xw/ilp32/libc_nano.a(lib_a-mlock.o)
                0x000000000000da4c                __malloc_unlock
 .text._malloc_usable_size_r
                0x000000000000da56       0x14 /home/bdroy/Embedded/ch32v-base/MounRiver_Studio_Community_Linux_x64_V170/MRS_Community/toolchain/RISC-V Embedded GCC 12/bin/../lib/gcc/riscv-none-elf/12.2.0/../../../../riscv-none-elf/lib/rv32imac_xw/ilp32/libc_nano.a(lib_a-nano-msizer.o)
                0x000000000000da56                _malloc_usable_size_r
 .text.__retarget_lock_acquire_recursive
                0x000000000000da6a        0x2 /home/bdroy/Embedded/ch32v-base/MounRiver_Studio_Community_Linux_x64_V170/MRS_Community/toolchain/RISC-V Embedded GCC 12/bin/../lib/gcc/riscv-none-elf/12.2.0/../../../../riscv-none-elf/lib/rv32imac_xw/ilp32/libc_nano.a(lib_a-lock.o)
                0x000000000000da6a                __retarget_lock_acquire_recursive
 .text.__retarget_lock_release_recursive
                0x000000000000da6c        0x2 /home/bdroy/Embedded/ch32v-base/MounRiver_Studio_Community_Linux_x64_V170/MRS_Community/toolchain/RISC-V Embedded GCC 12/bin/../lib/gcc/riscv-none-elf/12.2.0/../../../../riscv-none-elf/lib/rv32imac_xw/ilp32/libc_nano.a(lib_a-lock.o)
                0x000000000000da6c                __retarget_lock_release_recursive
 *(.rodata)
 *fill*         0x000000000000da6e        0x2 
 .rodata        0x000000000000da70        0x5 CMakeFiles/CH32V305_DAP.elf.dir/CherryDAP/DAP/Source/DAP.c.obj
 *fill*         0x000000000000da75        0x3 
 .rodata        0x000000000000da78        0x5 CMakeFiles/CH32V305_DAP.elf.dir/CherryDAP/dap_main.c.obj
 *(.rodata*)
 *fill*         0x000000000000da7d        0x3 
 .rodata.DAP_Info
                0x000000000000da80       0x68 CMakeFiles/CH32V305_DAP.elf.dir/CherryDAP/DAP/Source/DAP.c.obj
 .rodata.DAP_ProcessCommand
                0x000000000000dae8       0x78 CMakeFiles/CH32V305_DAP.elf.dir/CherryDAP/DAP/Source/DAP.c.obj
 .rodata.DAP_ProcessVendorCommand
                0x000000000000db60       0x80 CMakeFiles/CH32V305_DAP.elf.dir/CherryDAP/DAP/Source/DAP_vendor.c.obj
 .rodata.USBD_WinUSBDescriptorSetDescriptor
                0x000000000000dbe0       0xaa CMakeFiles/CH32V305_DAP.elf.dir/CherryDAP/dap_main.c.obj
                0x000000000000dbe0                USBD_WinUSBDescriptorSetDescriptor
 *fill*         0x000000000000dc8a        0x2 
 .rodata.USBD_BinaryObjectStoreDescriptor
                0x000000000000dc8c       0x21 CMakeFiles/CH32V305_DAP.elf.dir/CherryDAP/dap_main.c.obj
                0x000000000000dc8c                USBD_BinaryObjectStoreDescriptor
 *fill*         0x000000000000dcad        0x3 
 .rodata.usbd_event_handler
                0x000000000000dcb0       0x2c CMakeFiles/CH32V305_DAP.elf.dir/CherryDAP/dap_main.c.obj
 .rodata.usbd_std_device_req_handler
                0x000000000000dcdc       0x30 CMakeFiles/CH32V305_DAP.elf.dir/CherryUSB/core/usbd_core.c.obj
 .rodata.usbd_std_interface_req_handler
                0x000000000000dd0c       0x30 CMakeFiles/CH32V305_DAP.elf.dir/CherryUSB/core/usbd_core.c.obj
 .rodata._svfprintf_r.str1.4
                0x000000000000dd3c       0x13 /home/bdroy/Embedded/ch32v-base/MounRiver_Studio_Community_Linux_x64_V170/MRS_Community/toolchain/RISC-V Embedded GCC 12/bin/../lib/gcc/riscv-none-elf/12.2.0/../../../../riscv-none-elf/lib/rv32imac_xw/ilp32/libc_nano.a(lib_a-nano-svfprintf.o)
 *fill*         0x000000000000dd4f        0x1 
 .rodata._printf_i.str1.4
                0x000000000000dd50       0x25 /home/bdroy/Embedded/ch32v-base/MounRiver_Studio_Community_Linux_x64_V170/MRS_Community/toolchain/RISC-V Embedded GCC 12/bin/../lib/gcc/riscv-none-elf/12.2.0/../../../../riscv-none-elf/lib/rv32imac_xw/ilp32/libc_nano.a(lib_a-nano-vfprintf_i.o)
 *fill*         0x000000000000dd75        0x3 
 .rodata._printf_i
                0x000000000000dd78       0x58 /home/bdroy/Embedded/ch32v-base/MounRiver_Studio_Community_Linux_x64_V170/MRS_Community/toolchain/RISC-V Embedded GCC 12/bin/../lib/gcc/riscv-none-elf/12.2.0/../../../../riscv-none-elf/lib/rv32imac_xw/ilp32/libc_nano.a(lib_a-nano-vfprintf_i.o)
 *(.gnu.linkonce.t.*)
                0x000000000000ddd0                . = ALIGN (0x4)

.rela.dyn       0x000000000000ddd0        0x0
 .rela.text._sbrk
                0x000000000000ddd0        0x0 CMakeFiles/CH32V305_DAP.elf.dir/CherryDAP/DAP/Source/DAP.c.obj
 .rela.sdata.curbrk.0
                0x000000000000ddd0        0x0 CMakeFiles/CH32V305_DAP.elf.dir/CherryDAP/DAP/Source/DAP.c.obj
 .rela.init     0x000000000000ddd0        0x0 CMakeFiles/CH32V305_DAP.elf.dir/CherryDAP/DAP/Source/DAP.c.obj
 .rela.vector   0x000000000000ddd0        0x0 CMakeFiles/CH32V305_DAP.elf.dir/CherryDAP/DAP/Source/DAP.c.obj
 .rela.text.handle_reset
                0x000000000000ddd0        0x0 CMakeFiles/CH32V305_DAP.elf.dir/CherryDAP/DAP/Source/DAP.c.obj
 .rela.data.impure_data
                0x000000000000ddd0        0x0 CMakeFiles/CH32V305_DAP.elf.dir/CherryDAP/DAP/Source/DAP.c.obj
 .rela.text._svfprintf_r
                0x000000000000ddd0        0x0 CMakeFiles/CH32V305_DAP.elf.dir/CherryDAP/DAP/Source/DAP.c.obj

.fini           0x000000000000ddd0        0x0
 *(SORT_NONE(.fini))
                0x000000000000ddd0                . = ALIGN (0x4)
                [!provide]                        PROVIDE (_etext = .)
                [!provide]                        PROVIDE (_eitcm = .)

.preinit_array  0x000000000000ddd0        0x0
                [!provide]                        PROVIDE (__preinit_array_start = .)
 *(.preinit_array)
                [!provide]                        PROVIDE (__preinit_array_end = .)

.init_array     0x000000000000ddd0        0x0
                [!provide]                        PROVIDE (__init_array_start = .)
 *(SORT_BY_INIT_PRIORITY(.init_array.*) SORT_BY_INIT_PRIORITY(.ctors.*))
 *(.init_array EXCLUDE_FILE(*crtend?.o *crtend.o *crtbegin?.o *crtbegin.o) .ctors)
                [!provide]                        PROVIDE (__init_array_end = .)

.fini_array     0x000000000000ddd0        0x0
                [!provide]                        PROVIDE (__fini_array_start = .)
 *(SORT_BY_INIT_PRIORITY(.fini_array.*) SORT_BY_INIT_PRIORITY(.dtors.*))
 *(.fini_array EXCLUDE_FILE(*crtend?.o *crtend.o *crtbegin?.o *crtbegin.o) .dtors)
                [!provide]                        PROVIDE (__fini_array_end = .)

.ctors
 *crtbegin.o(.ctors)
 *crtbegin?.o(.ctors)
 *(EXCLUDE_FILE(*crtend?.o *crtend.o) .ctors)
 *(SORT_BY_NAME(.ctors.*))
 *(.ctors)

.dtors
 *crtbegin.o(.dtors)
 *crtbegin?.o(.dtors)
 *(EXCLUDE_FILE(*crtend?.o *crtend.o) .dtors)
 *(SORT_BY_NAME(.dtors.*))
 *(.dtors)

.dalign         0x0000000020000000        0x0 load address 0x000000000000ddd0
                0x0000000020000000                . = ALIGN (0x4)
                0x0000000020000000                PROVIDE (_data_vma = .)

.dlalign        0x000000000000ddd0        0x0
                0x000000000000ddd0                . = ALIGN (0x4)
                0x000000000000ddd0                PROVIDE (_data_lma = .)

.data           0x0000000020000000      0x1a0 load address 0x000000000000ddd0
 *(.gnu.linkonce.r.*)
 *(.data .data.*)
 .data.cmsisdap_descriptor
                0x0000000020000000       0xd1 CMakeFiles/CH32V305_DAP.elf.dir/CherryDAP/dap_main.c.obj
                0x0000000020000000                cmsisdap_descriptor
 *fill*         0x00000000200000d1        0x3 
 .data.APBAHBPrescTable
                0x00000000200000d4       0x10 CMakeFiles/CH32V305_DAP.elf.dir/Peripheral/src/ch32v30x_rcc.c.obj
 .data.AHBPrescTable
                0x00000000200000e4       0x10 CMakeFiles/CH32V305_DAP.elf.dir/User/system_ch32v30x.c.obj
                0x00000000200000e4                AHBPrescTable
 .data.impure_data
                0x00000000200000f4       0x60 /home/bdroy/Embedded/ch32v-base/MounRiver_Studio_Community_Linux_x64_V170/MRS_Community/toolchain/RISC-V Embedded GCC 12/bin/../lib/gcc/riscv-none-elf/12.2.0/../../../../riscv-none-elf/lib/rv32imac_xw/ilp32/libc_nano.a(lib_a-impure.o)
 *(.gnu.linkonce.d.*)
                0x0000000020000158                . = ALIGN (0x8)
 *fill*         0x0000000020000154        0x4 
                0x0000000020000958                PROVIDE (__global_pointer$ = (. + 0x800))
 *(.sdata .sdata.*)
 .sdata.dap_out_ep
                0x0000000020000158        0x8 CMakeFiles/CH32V305_DAP.elf.dir/CherryDAP/dap_main.c.obj
 .sdata.dap_in_ep
                0x0000000020000160        0x8 CMakeFiles/CH32V305_DAP.elf.dir/CherryDAP/dap_main.c.obj
 .sdata.cdc_out_ep
                0x0000000020000168        0x8 CMakeFiles/CH32V305_DAP.elf.dir/CherryDAP/dap_main.c.obj
 .sdata.cdc_in_ep
                0x0000000020000170        0x8 CMakeFiles/CH32V305_DAP.elf.dir/CherryDAP/dap_main.c.obj
 .sdata.msosv2_desc
                0x0000000020000178        0x8 CMakeFiles/CH32V305_DAP.elf.dir/CherryDAP/dap_main.c.obj
                0x0000000020000178                msosv2_desc
 .sdata.bos_desc
                0x0000000020000180        0x8 CMakeFiles/CH32V305_DAP.elf.dir/CherryDAP/dap_main.c.obj
                0x0000000020000180                bos_desc
 .sdata.curbrk.0
                0x0000000020000188        0x4 CMakeFiles/CH32V305_DAP.elf.dir/Debug/debug.c.obj
 .sdata.ADCPrescTable
                0x000000002000018c        0x4 CMakeFiles/CH32V305_DAP.elf.dir/Peripheral/src/ch32v30x_rcc.c.obj
 .sdata.SystemCoreClock
                0x0000000020000190        0x4 CMakeFiles/CH32V305_DAP.elf.dir/User/system_ch32v30x.c.obj
                0x0000000020000190                SystemCoreClock
 .sdata._impure_ptr
                0x0000000020000194        0x4 /home/bdroy/Embedded/ch32v-base/MounRiver_Studio_Community_Linux_x64_V170/MRS_Community/toolchain/RISC-V Embedded GCC 12/bin/../lib/gcc/riscv-none-elf/12.2.0/../../../../riscv-none-elf/lib/rv32imac_xw/ilp32/libc_nano.a(lib_a-impure.o)
                0x0000000020000194                _impure_ptr
 *(.sdata2.*)
 *(.gnu.linkonce.s.*)
                0x0000000020000198                . = ALIGN (0x8)
 *(.srodata.cst16)
 *(.srodata.cst8)
 *(.srodata.cst4)
 *(.srodata.cst2)
 *(.srodata .srodata.*)
 .srodata.DAP_FW_Ver
                0x0000000020000198        0x6 CMakeFiles/CH32V305_DAP.elf.dir/CherryDAP/DAP/Source/DAP.c.obj
                0x00000000200001a0                . = ALIGN (0x4)
 *fill*         0x000000002000019e        0x2 
                0x00000000200001a0                PROVIDE (_edata = .)

.noncacheable   0x00000000200001a0     0x6410 load address 0x000000000000df70
 .noncacheable  0x00000000200001a0     0x6200 CMakeFiles/CH32V305_DAP.elf.dir/CherryDAP/dap_main.c.obj
 .noncacheable  0x00000000200063a0      0x210 CMakeFiles/CH32V305_DAP.elf.dir/CherryUSB/core/usbd_core.c.obj
                0x00000000200063a0                g_usbd_core

.bss            0x00000000200065b0      0x5c4 load address 0x0000000000014380
                0x00000000200065b0                . = ALIGN (0x4)
                0x00000000200065b0                PROVIDE (_sbss = .)
 *(.sbss*)
 .sbss.DAP_TransferAbort
                0x00000000200065b0        0x1 CMakeFiles/CH32V305_DAP.elf.dir/CherryDAP/DAP/Source/DAP.c.obj
                0x00000000200065b0                DAP_TransferAbort
 *fill*         0x00000000200065b1        0x1 
 .sbss.USB_RequestIndexI
                0x00000000200065b2        0x2 CMakeFiles/CH32V305_DAP.elf.dir/CherryDAP/dap_main.c.obj
 .sbss.USB_RequestIndexO
                0x00000000200065b4        0x2 CMakeFiles/CH32V305_DAP.elf.dir/CherryDAP/dap_main.c.obj
 .sbss.USB_RequestCountI
                0x00000000200065b6        0x2 CMakeFiles/CH32V305_DAP.elf.dir/CherryDAP/dap_main.c.obj
 .sbss.USB_RequestCountO
                0x00000000200065b8        0x2 CMakeFiles/CH32V305_DAP.elf.dir/CherryDAP/dap_main.c.obj
 .sbss.USB_RequestIdle
                0x00000000200065ba        0x1 CMakeFiles/CH32V305_DAP.elf.dir/CherryDAP/dap_main.c.obj
 *fill*         0x00000000200065bb        0x1 
 .sbss.USB_ResponseIndexI
                0x00000000200065bc        0x2 CMakeFiles/CH32V305_DAP.elf.dir/CherryDAP/dap_main.c.obj
 .sbss.USB_ResponseIndexO
                0x00000000200065be        0x2 CMakeFiles/CH32V305_DAP.elf.dir/CherryDAP/dap_main.c.obj
 .sbss.USB_ResponseCountI
                0x00000000200065c0        0x2 CMakeFiles/CH32V305_DAP.elf.dir/CherryDAP/dap_main.c.obj
 .sbss.USB_ResponseCountO
                0x00000000200065c2        0x2 CMakeFiles/CH32V305_DAP.elf.dir/CherryDAP/dap_main.c.obj
 .sbss.USB_ResponseIdle
                0x00000000200065c4        0x1 CMakeFiles/CH32V305_DAP.elf.dir/CherryDAP/dap_main.c.obj
 *fill*         0x00000000200065c5        0x3 
 .sbss.g_cdc_lincoding
                0x00000000200065c8        0x7 CMakeFiles/CH32V305_DAP.elf.dir/CherryDAP/dap_main.c.obj
                0x00000000200065c8                g_cdc_lincoding
 .sbss.config_uart
                0x00000000200065cf        0x1 CMakeFiles/CH32V305_DAP.elf.dir/CherryDAP/dap_main.c.obj
                0x00000000200065cf                config_uart
 .sbss.config_uart_transfer
                0x00000000200065d0        0x1 CMakeFiles/CH32V305_DAP.elf.dir/CherryDAP/dap_main.c.obj
                0x00000000200065d0                config_uart_transfer
 .sbss.usbrx_idle_flag
                0x00000000200065d1        0x1 CMakeFiles/CH32V305_DAP.elf.dir/CherryDAP/dap_main.c.obj
 .sbss.usbtx_idle_flag
                0x00000000200065d2        0x1 CMakeFiles/CH32V305_DAP.elf.dir/CherryDAP/dap_main.c.obj
 .sbss.uarttx_idle_flag
                0x00000000200065d3        0x1 CMakeFiles/CH32V305_DAP.elf.dir/CherryDAP/dap_main.c.obj
 .sbss.ep0_rx_data_toggle
                0x00000000200065d4        0x1 CMakeFiles/CH32V305_DAP.elf.dir/CherryUSB/port/ch32/usb_dc_usbhs.c.obj
                0x00000000200065d4                ep0_rx_data_toggle
 .sbss.ep0_tx_data_toggle
                0x00000000200065d5        0x1 CMakeFiles/CH32V305_DAP.elf.dir/CherryUSB/port/ch32/usb_dc_usbhs.c.obj
                0x00000000200065d5                ep0_tx_data_toggle
 *fill*         0x00000000200065d6        0x2 
 .sbss.dap_state
                0x00000000200065d8        0x8 CMakeFiles/CH32V305_DAP.elf.dir/DAPHost/swd_host.c.obj
 .sbss.p_us     0x00000000200065e0        0x1 CMakeFiles/CH32V305_DAP.elf.dir/Debug/debug.c.obj
 *fill*         0x00000000200065e1        0x1 
 .sbss.p_ms     0x00000000200065e2        0x2 CMakeFiles/CH32V305_DAP.elf.dir/Debug/debug.c.obj
 .sbss.NVIC_Priority_Group
                0x00000000200065e4        0x4 CMakeFiles/CH32V305_DAP.elf.dir/Peripheral/src/ch32v30x_misc.c.obj
                0x00000000200065e4                NVIC_Priority_Group
 .sbss.__malloc_sbrk_start
                0x00000000200065e8        0x4 /home/bdroy/Embedded/ch32v-base/MounRiver_Studio_Community_Linux_x64_V170/MRS_Community/toolchain/RISC-V Embedded GCC 12/bin/../lib/gcc/riscv-none-elf/12.2.0/../../../../riscv-none-elf/lib/rv32imac_xw/ilp32/libc_nano.a(lib_a-nano-mallocr.o)
                0x00000000200065e8                __malloc_sbrk_start
 .sbss.__malloc_free_list
                0x00000000200065ec        0x4 /home/bdroy/Embedded/ch32v-base/MounRiver_Studio_Community_Linux_x64_V170/MRS_Community/toolchain/RISC-V Embedded GCC 12/bin/../lib/gcc/riscv-none-elf/12.2.0/../../../../riscv-none-elf/lib/rv32imac_xw/ilp32/libc_nano.a(lib_a-nano-mallocr.o)
                0x00000000200065ec                __malloc_free_list
 .sbss.errno    0x00000000200065f0        0x4 /home/bdroy/Embedded/ch32v-base/MounRiver_Studio_Community_Linux_x64_V170/MRS_Community/toolchain/RISC-V Embedded GCC 12/bin/../lib/gcc/riscv-none-elf/12.2.0/../../../../riscv-none-elf/lib/rv32imac_xw/ilp32/libc_nano.a(lib_a-reent.o)
                0x00000000200065f0                errno
 .sbss.__lock___malloc_recursive_mutex
                0x00000000200065f4        0x1 /home/bdroy/Embedded/ch32v-base/MounRiver_Studio_Community_Linux_x64_V170/MRS_Community/toolchain/RISC-V Embedded GCC 12/bin/../lib/gcc/riscv-none-elf/12.2.0/../../../../riscv-none-elf/lib/rv32imac_xw/ilp32/libc_nano.a(lib_a-lock.o)
                0x00000000200065f4                __lock___malloc_recursive_mutex
 *(.gnu.linkonce.sb.*)
 *(.bss*)
 *fill*         0x00000000200065f5        0x3 
 .bss.DAP_Data  0x00000000200065f8       0x44 CMakeFiles/CH32V305_DAP.elf.dir/CherryDAP/DAP/Source/DAP.c.obj
                0x00000000200065f8                DAP_Data
 .bss.UID_BUF.0
                0x000000002000663c        0x9 CMakeFiles/CH32V305_DAP.elf.dir/CherryDAP/DAP/Source/DAP.c.obj
 *fill*         0x0000000020006645        0x3 
 .bss.USB_RespSize
                0x0000000020006648       0x10 CMakeFiles/CH32V305_DAP.elf.dir/CherryDAP/dap_main.c.obj
 .bss.g_uartrx  0x0000000020006658       0x10 CMakeFiles/CH32V305_DAP.elf.dir/CherryDAP/dap_main.c.obj
                0x0000000020006658                g_uartrx
 .bss.g_usbrx   0x0000000020006668       0x10 CMakeFiles/CH32V305_DAP.elf.dir/CherryDAP/dap_main.c.obj
                0x0000000020006668                g_usbrx
 .bss.dap_intf  0x0000000020006678       0x1c CMakeFiles/CH32V305_DAP.elf.dir/CherryDAP/dap_main.c.obj
                0x0000000020006678                dap_intf
 .bss.intf1     0x0000000020006694       0x1c CMakeFiles/CH32V305_DAP.elf.dir/CherryDAP/dap_main.c.obj
                0x0000000020006694                intf1
 .bss.intf2     0x00000000200066b0       0x1c CMakeFiles/CH32V305_DAP.elf.dir/CherryDAP/dap_main.c.obj
                0x00000000200066b0                intf2
 .bss.UID_BUF.0
                0x00000000200066cc        0x9 CMakeFiles/CH32V305_DAP.elf.dir/CherryDAP/dap_main.c.obj
 *fill*         0x00000000200066d5        0x3 
 .bss.g_ch32_usbhs_udc
                0x00000000200066d8      0x28c CMakeFiles/CH32V305_DAP.elf.dir/CherryUSB/port/ch32/usb_dc_usbhs.c.obj
                0x00000000200066d8                g_ch32_usbhs_udc
 .bss.epx_tx_data_toggle
                0x0000000020006964        0xf CMakeFiles/CH32V305_DAP.elf.dir/CherryUSB/port/ch32/usb_dc_usbhs.c.obj
                0x0000000020006964                epx_tx_data_toggle
 *fill*         0x0000000020006973        0x1 
 .bss.RxBuffer1
                0x0000000020006974      0x200 CMakeFiles/CH32V305_DAP.elf.dir/User/usb2uart.c.obj
                0x0000000020006974                RxBuffer1
 *(.gnu.linkonce.b.*)
 *(COMMON*)
                0x0000000020006b74                . = ALIGN (0x4)
                0x0000000020006b74                PROVIDE (_ebss = .)
                0x0000000020006b74                PROVIDE (_end = _ebss)
                [!provide]                        PROVIDE (end = .)

.stack          0x0000000020007800      0x800
                0x0000000020007800                PROVIDE (_heap_end = .)
                0x0000000020007800                . = ALIGN (0x4)
                [!provide]                        PROVIDE (_susrstack = .)
                0x0000000020008000                . = (. + __stack_size)
 *fill*         0x0000000020007800      0x800 
                0x0000000020008000                PROVIDE (_eusrstack = .)
OUTPUT(CH32V305_DAP.elf elf32-littleriscv)

.debug_info     0x0000000000000000     0xfd61
 .debug_info    0x0000000000000000     0x183c CMakeFiles/CH32V305_DAP.elf.dir/CherryDAP/DAP/Source/DAP.c.obj
 .debug_info    0x000000000000183c      0x10c CMakeFiles/CH32V305_DAP.elf.dir/CherryDAP/DAP/Source/DAP_vendor.c.obj
 .debug_info    0x0000000000001948     0x2f8e CMakeFiles/CH32V305_DAP.elf.dir/CherryDAP/DAP/Source/JTAG_DP.c.obj
 .debug_info    0x00000000000048d6     0x1d36 CMakeFiles/CH32V305_DAP.elf.dir/CherryDAP/DAP/Source/SW_DP.c.obj
 .debug_info    0x000000000000660c      0xf0f CMakeFiles/CH32V305_DAP.elf.dir/CherryDAP/dap_main.c.obj
 .debug_info    0x000000000000751b      0x78c CMakeFiles/CH32V305_DAP.elf.dir/CherryRB/chry_ringbuffer.c.obj
 .debug_info    0x0000000000007ca7      0x4c1 CMakeFiles/CH32V305_DAP.elf.dir/CherryUSB/class/cdc/usbd_cdc.c.obj
 .debug_info    0x0000000000008168     0x11cb CMakeFiles/CH32V305_DAP.elf.dir/CherryUSB/core/usbd_core.c.obj
 .debug_info    0x0000000000009333      0xe9c CMakeFiles/CH32V305_DAP.elf.dir/CherryUSB/port/ch32/usb_dc_usbhs.c.obj
 .debug_info    0x000000000000a1cf     0x11fc CMakeFiles/CH32V305_DAP.elf.dir/DAPHost/swd_host.c.obj
 .debug_info    0x000000000000b3cb      0x6e0 CMakeFiles/CH32V305_DAP.elf.dir/Debug/debug.c.obj
 .debug_info    0x000000000000baab      0x4ec CMakeFiles/CH32V305_DAP.elf.dir/Peripheral/src/ch32v30x_dma.c.obj
 .debug_info    0x000000000000bf97      0x80f CMakeFiles/CH32V305_DAP.elf.dir/Peripheral/src/ch32v30x_gpio.c.obj
 .debug_info    0x000000000000c7a6      0x815 CMakeFiles/CH32V305_DAP.elf.dir/Peripheral/src/ch32v30x_misc.c.obj
 .debug_info    0x000000000000cfbb      0xda4 CMakeFiles/CH32V305_DAP.elf.dir/Peripheral/src/ch32v30x_rcc.c.obj
 .debug_info    0x000000000000dd5f      0xb74 CMakeFiles/CH32V305_DAP.elf.dir/Peripheral/src/ch32v30x_usart.c.obj
 .debug_info    0x000000000000e8d3       0x22 CMakeFiles/CH32V305_DAP.elf.dir/Startup/startup_ch32v30x_D8C.S.obj
 .debug_info    0x000000000000e8f5       0xac CMakeFiles/CH32V305_DAP.elf.dir/User/ch32v30x_it.c.obj
 .debug_info    0x000000000000e9a1      0x961 CMakeFiles/CH32V305_DAP.elf.dir/User/main.c.obj
 .debug_info    0x000000000000f302      0x2fa CMakeFiles/CH32V305_DAP.elf.dir/User/system_ch32v30x.c.obj
 .debug_info    0x000000000000f5fc      0x765 CMakeFiles/CH32V305_DAP.elf.dir/User/usb2uart.c.obj

.debug_abbrev   0x0000000000000000     0x2a1c
 .debug_abbrev  0x0000000000000000      0x42b CMakeFiles/CH32V305_DAP.elf.dir/CherryDAP/DAP/Source/DAP.c.obj
 .debug_abbrev  0x000000000000042b       0x8b CMakeFiles/CH32V305_DAP.elf.dir/CherryDAP/DAP/Source/DAP_vendor.c.obj
 .debug_abbrev  0x00000000000004b6      0x31d CMakeFiles/CH32V305_DAP.elf.dir/CherryDAP/DAP/Source/JTAG_DP.c.obj
 .debug_abbrev  0x00000000000007d3      0x298 CMakeFiles/CH32V305_DAP.elf.dir/CherryDAP/DAP/Source/SW_DP.c.obj
 .debug_abbrev  0x0000000000000a6b      0x34b CMakeFiles/CH32V305_DAP.elf.dir/CherryDAP/dap_main.c.obj
 .debug_abbrev  0x0000000000000db6      0x1c6 CMakeFiles/CH32V305_DAP.elf.dir/CherryRB/chry_ringbuffer.c.obj
 .debug_abbrev  0x0000000000000f7c      0x18d CMakeFiles/CH32V305_DAP.elf.dir/CherryUSB/class/cdc/usbd_cdc.c.obj
 .debug_abbrev  0x0000000000001109      0x2fa CMakeFiles/CH32V305_DAP.elf.dir/CherryUSB/core/usbd_core.c.obj
 .debug_abbrev  0x0000000000001403      0x248 CMakeFiles/CH32V305_DAP.elf.dir/CherryUSB/port/ch32/usb_dc_usbhs.c.obj
 .debug_abbrev  0x000000000000164b      0x308 CMakeFiles/CH32V305_DAP.elf.dir/DAPHost/swd_host.c.obj
 .debug_abbrev  0x0000000000001953      0x232 CMakeFiles/CH32V305_DAP.elf.dir/Debug/debug.c.obj
 .debug_abbrev  0x0000000000001b85      0x173 CMakeFiles/CH32V305_DAP.elf.dir/Peripheral/src/ch32v30x_dma.c.obj
 .debug_abbrev  0x0000000000001cf8      0x201 CMakeFiles/CH32V305_DAP.elf.dir/Peripheral/src/ch32v30x_gpio.c.obj
 .debug_abbrev  0x0000000000001ef9      0x1b1 CMakeFiles/CH32V305_DAP.elf.dir/Peripheral/src/ch32v30x_misc.c.obj
 .debug_abbrev  0x00000000000020aa      0x1f1 CMakeFiles/CH32V305_DAP.elf.dir/Peripheral/src/ch32v30x_rcc.c.obj
 .debug_abbrev  0x000000000000229b      0x1bc CMakeFiles/CH32V305_DAP.elf.dir/Peripheral/src/ch32v30x_usart.c.obj
 .debug_abbrev  0x0000000000002457       0x12 CMakeFiles/CH32V305_DAP.elf.dir/Startup/startup_ch32v30x_D8C.S.obj
 .debug_abbrev  0x0000000000002469       0x46 CMakeFiles/CH32V305_DAP.elf.dir/User/ch32v30x_it.c.obj
 .debug_abbrev  0x00000000000024af      0x245 CMakeFiles/CH32V305_DAP.elf.dir/User/main.c.obj
 .debug_abbrev  0x00000000000026f4      0x17f CMakeFiles/CH32V305_DAP.elf.dir/User/system_ch32v30x.c.obj
 .debug_abbrev  0x0000000000002873      0x1a9 CMakeFiles/CH32V305_DAP.elf.dir/User/usb2uart.c.obj

.debug_loc      0x0000000000000000     0x5658
 .debug_loc     0x0000000000000000      0xc8a CMakeFiles/CH32V305_DAP.elf.dir/CherryDAP/DAP/Source/DAP.c.obj
 .debug_loc     0x0000000000000c8a       0x44 CMakeFiles/CH32V305_DAP.elf.dir/CherryDAP/DAP/Source/DAP_vendor.c.obj
 .debug_loc     0x0000000000000cce      0x2b6 CMakeFiles/CH32V305_DAP.elf.dir/CherryDAP/DAP/Source/JTAG_DP.c.obj
 .debug_loc     0x0000000000000f84      0x1a0 CMakeFiles/CH32V305_DAP.elf.dir/CherryDAP/DAP/Source/SW_DP.c.obj
 .debug_loc     0x0000000000001124      0x3b8 CMakeFiles/CH32V305_DAP.elf.dir/CherryDAP/dap_main.c.obj
 .debug_loc     0x00000000000014dc      0x5d8 CMakeFiles/CH32V305_DAP.elf.dir/CherryRB/chry_ringbuffer.c.obj
 .debug_loc     0x0000000000001ab4      0x1dc CMakeFiles/CH32V305_DAP.elf.dir/CherryUSB/class/cdc/usbd_cdc.c.obj
 .debug_loc     0x0000000000001c90      0x94c CMakeFiles/CH32V305_DAP.elf.dir/CherryUSB/core/usbd_core.c.obj
 .debug_loc     0x00000000000025dc      0x3b8 CMakeFiles/CH32V305_DAP.elf.dir/CherryUSB/port/ch32/usb_dc_usbhs.c.obj
 .debug_loc     0x0000000000002994      0x9d8 CMakeFiles/CH32V305_DAP.elf.dir/DAPHost/swd_host.c.obj
 .debug_loc     0x000000000000336c      0x19a CMakeFiles/CH32V305_DAP.elf.dir/Debug/debug.c.obj
 .debug_loc     0x0000000000003506      0x2ec CMakeFiles/CH32V305_DAP.elf.dir/Peripheral/src/ch32v30x_dma.c.obj
 .debug_loc     0x00000000000037f2      0x50e CMakeFiles/CH32V305_DAP.elf.dir/Peripheral/src/ch32v30x_gpio.c.obj
 .debug_loc     0x0000000000003d00       0x8a CMakeFiles/CH32V305_DAP.elf.dir/Peripheral/src/ch32v30x_misc.c.obj
 .debug_loc     0x0000000000003d8a      0xd4a CMakeFiles/CH32V305_DAP.elf.dir/Peripheral/src/ch32v30x_rcc.c.obj
 .debug_loc     0x0000000000004ad4      0x7b6 CMakeFiles/CH32V305_DAP.elf.dir/Peripheral/src/ch32v30x_usart.c.obj
 .debug_loc     0x000000000000528a       0x70 CMakeFiles/CH32V305_DAP.elf.dir/User/ch32v30x_it.c.obj
 .debug_loc     0x00000000000052fa      0x13c CMakeFiles/CH32V305_DAP.elf.dir/User/main.c.obj
 .debug_loc     0x0000000000005436      0x110 CMakeFiles/CH32V305_DAP.elf.dir/User/system_ch32v30x.c.obj
 .debug_loc     0x0000000000005546      0x112 CMakeFiles/CH32V305_DAP.elf.dir/User/usb2uart.c.obj

.debug_aranges  0x0000000000000000      0xc38
 .debug_aranges
                0x0000000000000000      0x190 CMakeFiles/CH32V305_DAP.elf.dir/CherryDAP/DAP/Source/DAP.c.obj
 .debug_aranges
                0x0000000000000190       0x20 CMakeFiles/CH32V305_DAP.elf.dir/CherryDAP/DAP/Source/DAP_vendor.c.obj
 .debug_aranges
                0x00000000000001b0       0x68 CMakeFiles/CH32V305_DAP.elf.dir/CherryDAP/DAP/Source/JTAG_DP.c.obj
 .debug_aranges
                0x0000000000000218       0x48 CMakeFiles/CH32V305_DAP.elf.dir/CherryDAP/DAP/Source/SW_DP.c.obj
 .debug_aranges
                0x0000000000000260       0x88 CMakeFiles/CH32V305_DAP.elf.dir/CherryDAP/dap_main.c.obj
 .debug_aranges
                0x00000000000002e8       0xc8 CMakeFiles/CH32V305_DAP.elf.dir/CherryRB/chry_ringbuffer.c.obj
 .debug_aranges
                0x00000000000003b0       0x50 CMakeFiles/CH32V305_DAP.elf.dir/CherryUSB/class/cdc/usbd_cdc.c.obj
 .debug_aranges
                0x0000000000000400      0x130 CMakeFiles/CH32V305_DAP.elf.dir/CherryUSB/core/usbd_core.c.obj
 .debug_aranges
                0x0000000000000530       0x88 CMakeFiles/CH32V305_DAP.elf.dir/CherryUSB/port/ch32/usb_dc_usbhs.c.obj
 .debug_aranges
                0x00000000000005b8      0x140 CMakeFiles/CH32V305_DAP.elf.dir/DAPHost/swd_host.c.obj
 .debug_aranges
                0x00000000000006f8       0x48 CMakeFiles/CH32V305_DAP.elf.dir/Debug/debug.c.obj
 .debug_aranges
                0x0000000000000740       0x70 CMakeFiles/CH32V305_DAP.elf.dir/Peripheral/src/ch32v30x_dma.c.obj
 .debug_aranges
                0x00000000000007b0       0xb0 CMakeFiles/CH32V305_DAP.elf.dir/Peripheral/src/ch32v30x_gpio.c.obj
 .debug_aranges
                0x0000000000000860       0x28 CMakeFiles/CH32V305_DAP.elf.dir/Peripheral/src/ch32v30x_misc.c.obj
 .debug_aranges
                0x0000000000000888      0x1a8 CMakeFiles/CH32V305_DAP.elf.dir/Peripheral/src/ch32v30x_rcc.c.obj
 .debug_aranges
                0x0000000000000a30      0x100 CMakeFiles/CH32V305_DAP.elf.dir/Peripheral/src/ch32v30x_usart.c.obj
 .debug_aranges
                0x0000000000000b30       0x30 CMakeFiles/CH32V305_DAP.elf.dir/Startup/startup_ch32v30x_D8C.S.obj
 .debug_aranges
                0x0000000000000b60       0x28 CMakeFiles/CH32V305_DAP.elf.dir/User/ch32v30x_it.c.obj
 .debug_aranges
                0x0000000000000b88       0x40 CMakeFiles/CH32V305_DAP.elf.dir/User/main.c.obj
 .debug_aranges
                0x0000000000000bc8       0x38 CMakeFiles/CH32V305_DAP.elf.dir/User/system_ch32v30x.c.obj
 .debug_aranges
                0x0000000000000c00       0x38 CMakeFiles/CH32V305_DAP.elf.dir/User/usb2uart.c.obj

.debug_ranges   0x0000000000000000      0xaf0
 .debug_ranges  0x0000000000000000      0x180 CMakeFiles/CH32V305_DAP.elf.dir/CherryDAP/DAP/Source/DAP.c.obj
 .debug_ranges  0x0000000000000180       0x10 CMakeFiles/CH32V305_DAP.elf.dir/CherryDAP/DAP/Source/DAP_vendor.c.obj
 .debug_ranges  0x0000000000000190       0x58 CMakeFiles/CH32V305_DAP.elf.dir/CherryDAP/DAP/Source/JTAG_DP.c.obj
 .debug_ranges  0x00000000000001e8       0x38 CMakeFiles/CH32V305_DAP.elf.dir/CherryDAP/DAP/Source/SW_DP.c.obj
 .debug_ranges  0x0000000000000220       0x78 CMakeFiles/CH32V305_DAP.elf.dir/CherryDAP/dap_main.c.obj
 .debug_ranges  0x0000000000000298       0xb8 CMakeFiles/CH32V305_DAP.elf.dir/CherryRB/chry_ringbuffer.c.obj
 .debug_ranges  0x0000000000000350       0x40 CMakeFiles/CH32V305_DAP.elf.dir/CherryUSB/class/cdc/usbd_cdc.c.obj
 .debug_ranges  0x0000000000000390      0x120 CMakeFiles/CH32V305_DAP.elf.dir/CherryUSB/core/usbd_core.c.obj
 .debug_ranges  0x00000000000004b0       0x78 CMakeFiles/CH32V305_DAP.elf.dir/CherryUSB/port/ch32/usb_dc_usbhs.c.obj
 .debug_ranges  0x0000000000000528      0x130 CMakeFiles/CH32V305_DAP.elf.dir/DAPHost/swd_host.c.obj
 .debug_ranges  0x0000000000000658       0x38 CMakeFiles/CH32V305_DAP.elf.dir/Debug/debug.c.obj
 .debug_ranges  0x0000000000000690       0x60 CMakeFiles/CH32V305_DAP.elf.dir/Peripheral/src/ch32v30x_dma.c.obj
 .debug_ranges  0x00000000000006f0       0xa0 CMakeFiles/CH32V305_DAP.elf.dir/Peripheral/src/ch32v30x_gpio.c.obj
 .debug_ranges  0x0000000000000790       0x18 CMakeFiles/CH32V305_DAP.elf.dir/Peripheral/src/ch32v30x_misc.c.obj
 .debug_ranges  0x00000000000007a8      0x198 CMakeFiles/CH32V305_DAP.elf.dir/Peripheral/src/ch32v30x_rcc.c.obj
 .debug_ranges  0x0000000000000940       0xf0 CMakeFiles/CH32V305_DAP.elf.dir/Peripheral/src/ch32v30x_usart.c.obj
 .debug_ranges  0x0000000000000a30       0x28 CMakeFiles/CH32V305_DAP.elf.dir/Startup/startup_ch32v30x_D8C.S.obj
 .debug_ranges  0x0000000000000a58       0x18 CMakeFiles/CH32V305_DAP.elf.dir/User/ch32v30x_it.c.obj
 .debug_ranges  0x0000000000000a70       0x30 CMakeFiles/CH32V305_DAP.elf.dir/User/main.c.obj
 .debug_ranges  0x0000000000000aa0       0x28 CMakeFiles/CH32V305_DAP.elf.dir/User/system_ch32v30x.c.obj
 .debug_ranges  0x0000000000000ac8       0x28 CMakeFiles/CH32V305_DAP.elf.dir/User/usb2uart.c.obj

.debug_line     0x0000000000000000    0x16f94
 .debug_line    0x0000000000000000     0x3d87 CMakeFiles/CH32V305_DAP.elf.dir/CherryDAP/DAP/Source/DAP.c.obj
 .debug_line    0x0000000000003d87      0x21c CMakeFiles/CH32V305_DAP.elf.dir/CherryDAP/DAP/Source/DAP_vendor.c.obj
 .debug_line    0x0000000000003fa3     0x40e8 CMakeFiles/CH32V305_DAP.elf.dir/CherryDAP/DAP/Source/JTAG_DP.c.obj
 .debug_line    0x000000000000808b     0x29c7 CMakeFiles/CH32V305_DAP.elf.dir/CherryDAP/DAP/Source/SW_DP.c.obj
 .debug_line    0x000000000000aa52      0xd3a CMakeFiles/CH32V305_DAP.elf.dir/CherryDAP/dap_main.c.obj
 .debug_line    0x000000000000b78c      0xbfc CMakeFiles/CH32V305_DAP.elf.dir/CherryRB/chry_ringbuffer.c.obj
 .debug_line    0x000000000000c388      0x55d CMakeFiles/CH32V305_DAP.elf.dir/CherryUSB/class/cdc/usbd_cdc.c.obj
 .debug_line    0x000000000000c8e5     0x1b4d CMakeFiles/CH32V305_DAP.elf.dir/CherryUSB/core/usbd_core.c.obj
 .debug_line    0x000000000000e432      0xfac CMakeFiles/CH32V305_DAP.elf.dir/CherryUSB/port/ch32/usb_dc_usbhs.c.obj
 .debug_line    0x000000000000f3de     0x1e5d CMakeFiles/CH32V305_DAP.elf.dir/DAPHost/swd_host.c.obj
 .debug_line    0x000000000001123b      0x647 CMakeFiles/CH32V305_DAP.elf.dir/Debug/debug.c.obj
 .debug_line    0x0000000000011882      0x94d CMakeFiles/CH32V305_DAP.elf.dir/Peripheral/src/ch32v30x_dma.c.obj
 .debug_line    0x00000000000121cf      0xd90 CMakeFiles/CH32V305_DAP.elf.dir/Peripheral/src/ch32v30x_gpio.c.obj
 .debug_line    0x0000000000012f5f      0x615 CMakeFiles/CH32V305_DAP.elf.dir/Peripheral/src/ch32v30x_misc.c.obj
 .debug_line    0x0000000000013574     0x1684 CMakeFiles/CH32V305_DAP.elf.dir/Peripheral/src/ch32v30x_rcc.c.obj
 .debug_line    0x0000000000014bf8      0xe2d CMakeFiles/CH32V305_DAP.elf.dir/Peripheral/src/ch32v30x_usart.c.obj
 .debug_line    0x0000000000015a25      0x380 CMakeFiles/CH32V305_DAP.elf.dir/Startup/startup_ch32v30x_D8C.S.obj
 .debug_line    0x0000000000015da5       0x96 CMakeFiles/CH32V305_DAP.elf.dir/User/ch32v30x_it.c.obj
 .debug_line    0x0000000000015e3b      0x5a4 CMakeFiles/CH32V305_DAP.elf.dir/User/main.c.obj
 .debug_line    0x00000000000163df      0x698 CMakeFiles/CH32V305_DAP.elf.dir/User/system_ch32v30x.c.obj
 .debug_line    0x0000000000016a77      0x51d CMakeFiles/CH32V305_DAP.elf.dir/User/usb2uart.c.obj

.debug_str      0x0000000000000000     0x411b
 .debug_str     0x0000000000000000      0x97d CMakeFiles/CH32V305_DAP.elf.dir/CherryDAP/DAP/Source/DAP.c.obj
                                        0xa7a (size before relaxing)
 .debug_str     0x000000000000097d       0x4f CMakeFiles/CH32V305_DAP.elf.dir/CherryDAP/DAP/Source/DAP_vendor.c.obj
                                        0x230 (size before relaxing)
 .debug_str     0x00000000000009cc       0xaa CMakeFiles/CH32V305_DAP.elf.dir/CherryDAP/DAP/Source/JTAG_DP.c.obj
                                        0x44c (size before relaxing)
 .debug_str     0x0000000000000a76       0x98 CMakeFiles/CH32V305_DAP.elf.dir/CherryDAP/DAP/Source/SW_DP.c.obj
                                        0x4f4 (size before relaxing)
 .debug_str     0x0000000000000b0e      0x920 CMakeFiles/CH32V305_DAP.elf.dir/CherryDAP/dap_main.c.obj
                                        0xba4 (size before relaxing)
 .debug_str     0x000000000000142e      0x203 CMakeFiles/CH32V305_DAP.elf.dir/CherryRB/chry_ringbuffer.c.obj
                                        0x49f (size before relaxing)
 .debug_str     0x0000000000001631       0xcc CMakeFiles/CH32V305_DAP.elf.dir/CherryUSB/class/cdc/usbd_cdc.c.obj
                                        0x450 (size before relaxing)
 .debug_str     0x00000000000016fd      0x603 CMakeFiles/CH32V305_DAP.elf.dir/CherryUSB/core/usbd_core.c.obj
                                        0xba7 (size before relaxing)
 .debug_str     0x0000000000001d00      0x747 CMakeFiles/CH32V305_DAP.elf.dir/CherryUSB/port/ch32/usb_dc_usbhs.c.obj
                                        0xb43 (size before relaxing)
 .debug_str     0x0000000000002447      0x3dd CMakeFiles/CH32V305_DAP.elf.dir/DAPHost/swd_host.c.obj
                                        0x7f5 (size before relaxing)
 .debug_str     0x0000000000002824      0x167 CMakeFiles/CH32V305_DAP.elf.dir/Debug/debug.c.obj
                                        0x57e (size before relaxing)
 .debug_str     0x000000000000298b      0x1ee CMakeFiles/CH32V305_DAP.elf.dir/Peripheral/src/ch32v30x_dma.c.obj
                                        0x440 (size before relaxing)
 .debug_str     0x0000000000002b79      0x27a CMakeFiles/CH32V305_DAP.elf.dir/Peripheral/src/ch32v30x_gpio.c.obj
                                        0x5fd (size before relaxing)
 .debug_str     0x0000000000002df3      0x6e8 CMakeFiles/CH32V305_DAP.elf.dir/Peripheral/src/ch32v30x_misc.c.obj
                                        0x918 (size before relaxing)
 .debug_str     0x00000000000034db      0x6a5 CMakeFiles/CH32V305_DAP.elf.dir/Peripheral/src/ch32v30x_rcc.c.obj
                                        0x917 (size before relaxing)
 .debug_str     0x0000000000003b80      0x36b CMakeFiles/CH32V305_DAP.elf.dir/Peripheral/src/ch32v30x_usart.c.obj
                                        0x764 (size before relaxing)
 .debug_str     0x0000000000003eeb       0x58 CMakeFiles/CH32V305_DAP.elf.dir/Startup/startup_ch32v30x_D8C.S.obj
                                         0x85 (size before relaxing)
 .debug_str     0x0000000000003f43       0x5e CMakeFiles/CH32V305_DAP.elf.dir/User/ch32v30x_it.c.obj
                                        0x1ef (size before relaxing)
 .debug_str     0x0000000000003fa1       0x9b CMakeFiles/CH32V305_DAP.elf.dir/User/main.c.obj
                                        0xb38 (size before relaxing)
 .debug_str     0x000000000000403c       0x70 CMakeFiles/CH32V305_DAP.elf.dir/User/system_ch32v30x.c.obj
                                        0x32a (size before relaxing)
 .debug_str     0x00000000000040ac       0x6f CMakeFiles/CH32V305_DAP.elf.dir/User/usb2uart.c.obj
                                        0x6ac (size before relaxing)

.comment        0x0000000000000000       0x33
 .comment       0x0000000000000000       0x33 CMakeFiles/CH32V305_DAP.elf.dir/CherryDAP/DAP/Source/DAP.c.obj
                                         0x34 (size before relaxing)
 .comment       0x0000000000000033       0x34 CMakeFiles/CH32V305_DAP.elf.dir/CherryDAP/DAP/Source/DAP_vendor.c.obj
 .comment       0x0000000000000033       0x34 CMakeFiles/CH32V305_DAP.elf.dir/CherryDAP/DAP/Source/JTAG_DP.c.obj
 .comment       0x0000000000000033       0x34 CMakeFiles/CH32V305_DAP.elf.dir/CherryDAP/DAP/Source/SW_DP.c.obj
 .comment       0x0000000000000033       0x34 CMakeFiles/CH32V305_DAP.elf.dir/CherryDAP/dap_main.c.obj
 .comment       0x0000000000000033       0x34 CMakeFiles/CH32V305_DAP.elf.dir/CherryRB/chry_ringbuffer.c.obj
 .comment       0x0000000000000033       0x34 CMakeFiles/CH32V305_DAP.elf.dir/CherryUSB/class/cdc/usbd_cdc.c.obj
 .comment       0x0000000000000033       0x34 CMakeFiles/CH32V305_DAP.elf.dir/CherryUSB/core/usbd_core.c.obj
 .comment       0x0000000000000033       0x34 CMakeFiles/CH32V305_DAP.elf.dir/CherryUSB/port/ch32/usb_dc_usbhs.c.obj
 .comment       0x0000000000000033       0x34 CMakeFiles/CH32V305_DAP.elf.dir/DAPHost/swd_host.c.obj
 .comment       0x0000000000000033       0x34 CMakeFiles/CH32V305_DAP.elf.dir/Debug/debug.c.obj
 .comment       0x0000000000000033       0x34 CMakeFiles/CH32V305_DAP.elf.dir/Peripheral/src/ch32v30x_dma.c.obj
 .comment       0x0000000000000033       0x34 CMakeFiles/CH32V305_DAP.elf.dir/Peripheral/src/ch32v30x_gpio.c.obj
 .comment       0x0000000000000033       0x34 CMakeFiles/CH32V305_DAP.elf.dir/Peripheral/src/ch32v30x_misc.c.obj
 .comment       0x0000000000000033       0x34 CMakeFiles/CH32V305_DAP.elf.dir/Peripheral/src/ch32v30x_rcc.c.obj
 .comment       0x0000000000000033       0x34 CMakeFiles/CH32V305_DAP.elf.dir/Peripheral/src/ch32v30x_usart.c.obj
 .comment       0x0000000000000033       0x34 CMakeFiles/CH32V305_DAP.elf.dir/User/ch32v30x_it.c.obj
 .comment       0x0000000000000033       0x34 CMakeFiles/CH32V305_DAP.elf.dir/User/main.c.obj
 .comment       0x0000000000000033       0x34 CMakeFiles/CH32V305_DAP.elf.dir/User/system_ch32v30x.c.obj
 .comment       0x0000000000000033       0x34 CMakeFiles/CH32V305_DAP.elf.dir/User/usb2uart.c.obj
 .comment       0x0000000000000033       0x34 /home/bdroy/Embedded/ch32v-base/MounRiver_Studio_Community_Linux_x64_V170/MRS_Community/toolchain/RISC-V Embedded GCC 12/bin/../lib/gcc/riscv-none-elf/12.2.0/../../../../riscv-none-elf/lib/rv32imac_xw/ilp32/libc_nano.a(lib_a-memcmp.o)
 .comment       0x0000000000000033       0x34 /home/bdroy/Embedded/ch32v-base/MounRiver_Studio_Community_Linux_x64_V170/MRS_Community/toolchain/RISC-V Embedded GCC 12/bin/../lib/gcc/riscv-none-elf/12.2.0/../../../../riscv-none-elf/lib/rv32imac_xw/ilp32/libc_nano.a(lib_a-sprintf.o)
 .comment       0x0000000000000033       0x34 /home/bdroy/Embedded/ch32v-base/MounRiver_Studio_Community_Linux_x64_V170/MRS_Community/toolchain/RISC-V Embedded GCC 12/bin/../lib/gcc/riscv-none-elf/12.2.0/../../../../riscv-none-elf/lib/rv32imac_xw/ilp32/libc_nano.a(lib_a-impure.o)
 .comment       0x0000000000000033       0x34 /home/bdroy/Embedded/ch32v-base/MounRiver_Studio_Community_Linux_x64_V170/MRS_Community/toolchain/RISC-V Embedded GCC 12/bin/../lib/gcc/riscv-none-elf/12.2.0/../../../../riscv-none-elf/lib/rv32imac_xw/ilp32/libc_nano.a(lib_a-nano-svfprintf.o)
 .comment       0x0000000000000033       0x34 /home/bdroy/Embedded/ch32v-base/MounRiver_Studio_Community_Linux_x64_V170/MRS_Community/toolchain/RISC-V Embedded GCC 12/bin/../lib/gcc/riscv-none-elf/12.2.0/../../../../riscv-none-elf/lib/rv32imac_xw/ilp32/libc_nano.a(lib_a-nano-vfprintf_i.o)
 .comment       0x0000000000000033       0x34 /home/bdroy/Embedded/ch32v-base/MounRiver_Studio_Community_Linux_x64_V170/MRS_Community/toolchain/RISC-V Embedded GCC 12/bin/../lib/gcc/riscv-none-elf/12.2.0/../../../../riscv-none-elf/lib/rv32imac_xw/ilp32/libc_nano.a(lib_a-memchr.o)
 .comment       0x0000000000000033       0x34 /home/bdroy/Embedded/ch32v-base/MounRiver_Studio_Community_Linux_x64_V170/MRS_Community/toolchain/RISC-V Embedded GCC 12/bin/../lib/gcc/riscv-none-elf/12.2.0/../../../../riscv-none-elf/lib/rv32imac_xw/ilp32/libc_nano.a(lib_a-nano-freer.o)
 .comment       0x0000000000000033       0x34 /home/bdroy/Embedded/ch32v-base/MounRiver_Studio_Community_Linux_x64_V170/MRS_Community/toolchain/RISC-V Embedded GCC 12/bin/../lib/gcc/riscv-none-elf/12.2.0/../../../../riscv-none-elf/lib/rv32imac_xw/ilp32/libc_nano.a(lib_a-nano-mallocr.o)
 .comment       0x0000000000000033       0x34 /home/bdroy/Embedded/ch32v-base/MounRiver_Studio_Community_Linux_x64_V170/MRS_Community/toolchain/RISC-V Embedded GCC 12/bin/../lib/gcc/riscv-none-elf/12.2.0/../../../../riscv-none-elf/lib/rv32imac_xw/ilp32/libc_nano.a(lib_a-nano-reallocr.o)
 .comment       0x0000000000000033       0x34 /home/bdroy/Embedded/ch32v-base/MounRiver_Studio_Community_Linux_x64_V170/MRS_Community/toolchain/RISC-V Embedded GCC 12/bin/../lib/gcc/riscv-none-elf/12.2.0/../../../../riscv-none-elf/lib/rv32imac_xw/ilp32/libc_nano.a(lib_a-sbrkr.o)
 .comment       0x0000000000000033       0x34 /home/bdroy/Embedded/ch32v-base/MounRiver_Studio_Community_Linux_x64_V170/MRS_Community/toolchain/RISC-V Embedded GCC 12/bin/../lib/gcc/riscv-none-elf/12.2.0/../../../../riscv-none-elf/lib/rv32imac_xw/ilp32/libc_nano.a(lib_a-mlock.o)
 .comment       0x0000000000000033       0x34 /home/bdroy/Embedded/ch32v-base/MounRiver_Studio_Community_Linux_x64_V170/MRS_Community/toolchain/RISC-V Embedded GCC 12/bin/../lib/gcc/riscv-none-elf/12.2.0/../../../../riscv-none-elf/lib/rv32imac_xw/ilp32/libc_nano.a(lib_a-nano-msizer.o)
 .comment       0x0000000000000033       0x34 /home/bdroy/Embedded/ch32v-base/MounRiver_Studio_Community_Linux_x64_V170/MRS_Community/toolchain/RISC-V Embedded GCC 12/bin/../lib/gcc/riscv-none-elf/12.2.0/../../../../riscv-none-elf/lib/rv32imac_xw/ilp32/libc_nano.a(lib_a-reent.o)
 .comment       0x0000000000000033       0x34 /home/bdroy/Embedded/ch32v-base/MounRiver_Studio_Community_Linux_x64_V170/MRS_Community/toolchain/RISC-V Embedded GCC 12/bin/../lib/gcc/riscv-none-elf/12.2.0/../../../../riscv-none-elf/lib/rv32imac_xw/ilp32/libc_nano.a(lib_a-lock.o)

.riscv.attributes
                0x0000000000000000       0x31
 .riscv.attributes
                0x0000000000000000       0x31 CMakeFiles/CH32V305_DAP.elf.dir/CherryDAP/DAP/Source/DAP.c.obj
 .riscv.attributes
                0x0000000000000031       0x31 CMakeFiles/CH32V305_DAP.elf.dir/CherryDAP/DAP/Source/DAP_vendor.c.obj
 .riscv.attributes
                0x0000000000000062       0x31 CMakeFiles/CH32V305_DAP.elf.dir/CherryDAP/DAP/Source/JTAG_DP.c.obj
 .riscv.attributes
                0x0000000000000093       0x31 CMakeFiles/CH32V305_DAP.elf.dir/CherryDAP/DAP/Source/SW_DP.c.obj
 .riscv.attributes
                0x00000000000000c4       0x31 CMakeFiles/CH32V305_DAP.elf.dir/CherryDAP/dap_main.c.obj
 .riscv.attributes
                0x00000000000000f5       0x31 CMakeFiles/CH32V305_DAP.elf.dir/CherryRB/chry_ringbuffer.c.obj
 .riscv.attributes
                0x0000000000000126       0x31 CMakeFiles/CH32V305_DAP.elf.dir/CherryUSB/class/cdc/usbd_cdc.c.obj
 .riscv.attributes
                0x0000000000000157       0x31 CMakeFiles/CH32V305_DAP.elf.dir/CherryUSB/core/usbd_core.c.obj
 .riscv.attributes
                0x0000000000000188       0x31 CMakeFiles/CH32V305_DAP.elf.dir/CherryUSB/port/ch32/usb_dc_usbhs.c.obj
 .riscv.attributes
                0x00000000000001b9       0x31 CMakeFiles/CH32V305_DAP.elf.dir/DAPHost/swd_host.c.obj
 .riscv.attributes
                0x00000000000001ea       0x31 CMakeFiles/CH32V305_DAP.elf.dir/Debug/debug.c.obj
 .riscv.attributes
                0x000000000000021b       0x31 CMakeFiles/CH32V305_DAP.elf.dir/Peripheral/src/ch32v30x_dma.c.obj
 .riscv.attributes
                0x000000000000024c       0x31 CMakeFiles/CH32V305_DAP.elf.dir/Peripheral/src/ch32v30x_gpio.c.obj
 .riscv.attributes
                0x000000000000027d       0x31 CMakeFiles/CH32V305_DAP.elf.dir/Peripheral/src/ch32v30x_misc.c.obj
 .riscv.attributes
                0x00000000000002ae       0x31 CMakeFiles/CH32V305_DAP.elf.dir/Peripheral/src/ch32v30x_rcc.c.obj
 .riscv.attributes